[0.005s] Invoking command in '/home/jacky/movecar_ws/build/tracer_base': AMENT_PREFIX_PATH=/home/jacky/movecar_ws/install/tracer_msgs:${AMENT_PREFIX_PATH} CMAKE_PREFIX_PATH=/opt/ros/humble:/home/jacky/movecar_ws/install/ugv_sdk:/home/jacky/movecar_ws/install/tracer_msgs LD_LIBRARY_PATH=/home/jacky/movecar_ws/install/tracer_msgs/lib:${LD_LIBRARY_PATH} PKG_CONFIG_PATH=/home/jacky/movecar_ws/install/ugv_sdk/lib/x86_64-linux-gnu/pkgconfig:/home/jacky/movecar_ws/install/ugv_sdk/lib/pkgconfig PYTHONPATH=/home/jacky/movecar_ws/install/tracer_msgs/local/lib/python3.10/dist-packages:${PYTHONPATH} ROS_PACKAGE_PATH=/home/jacky/movecar_ws/install/ugv_sdk/share /usr/bin/cmake /home/jacky/movecar_ws/src/tracer_ros2-humble/tracer_base -DCMAKE_INSTALL_PREFIX=/home/jacky/movecar_ws/install/tracer_base
[0.031s] -- The C compiler identification is GNU 12.3.0
[0.057s] -- The CXX compiler identification is GNU 11.4.0
[0.061s] -- Detecting C compiler ABI info
[0.094s] -- Detecting C compiler ABI info - done
[0.097s] -- Check for working C compiler: /usr/bin/cc - skipped
[0.097s] -- Detecting C compile features
[0.097s] -- Detecting C compile features - done
[0.099s] -- Detecting CXX compiler ABI info
[0.133s] -- Detecting CXX compiler ABI info - done
[0.136s] -- Check for working CXX compiler: /usr/bin/c++ - skipped
[0.136s] -- Detecting CXX compile features
[0.136s] -- Detecting CXX compile features - done
[0.137s] -- Found ament_cmake: 1.3.12 (/opt/ros/humble/share/ament_cmake/cmake)
[0.203s] -- Found Python3: /usr/bin/python3 (found version "3.10.12") found components: Interpreter 
[0.250s] -- Found rclcpp: 16.0.15 (/opt/ros/humble/share/rclcpp/cmake)
[0.270s] -- Found rosidl_generator_c: 3.1.7 (/opt/ros/humble/share/rosidl_generator_c/cmake)
[0.272s] -- Found rosidl_adapter: 3.1.7 (/opt/ros/humble/share/rosidl_adapter/cmake)
[0.275s] -- Found rosidl_generator_cpp: 3.1.7 (/opt/ros/humble/share/rosidl_generator_cpp/cmake)
[0.279s] -- Using all available rosidl_typesupport_c: rosidl_typesupport_fastrtps_c;rosidl_typesupport_introspection_c
[0.285s] -- Using all available rosidl_typesupport_cpp: rosidl_typesupport_fastrtps_cpp;rosidl_typesupport_introspection_cpp
[0.310s] -- Found rmw_implementation_cmake: 6.1.2 (/opt/ros/humble/share/rmw_implementation_cmake/cmake)
[0.312s] -- Found rmw_fastrtps_cpp: 6.2.9 (/opt/ros/humble/share/rmw_fastrtps_cpp/cmake)
[0.364s] -- Found OpenSSL: /usr/lib/x86_64-linux-gnu/libcrypto.so (found version "3.0.2")  
[0.378s] -- Found FastRTPS: /opt/ros/humble/include  
[0.396s] -- Using RMW implementation 'rmw_fastrtps_cpp' as default
[0.401s] -- Looking for pthread.h
[0.435s] -- Looking for pthread.h - found
[0.435s] -- Performing Test CMAKE_HAVE_LIBC_PTHREAD
[0.466s] -- Performing Test CMAKE_HAVE_LIBC_PTHREAD - Success
[0.466s] -- Found Threads: TRUE  
[0.492s] -- Found geometry_msgs: 4.9.0 (/opt/ros/humble/share/geometry_msgs/cmake)
[0.500s] -- Found nav_msgs: 4.9.0 (/opt/ros/humble/share/nav_msgs/cmake)
[0.509s] -- Found sensor_msgs: 4.9.0 (/opt/ros/humble/share/sensor_msgs/cmake)
[0.518s] -- Found tf2: 0.25.16 (/opt/ros/humble/share/tf2/cmake)
[0.523s] -- Found tf2_ros: 0.25.16 (/opt/ros/humble/share/tf2_ros/cmake)
[0.568s] -- Found tf2_geometry_msgs: 0.25.16 (/opt/ros/humble/share/tf2_geometry_msgs/cmake)
[0.575s] -- Found eigen3_cmake_module: 0.1.1 (/opt/ros/humble/share/eigen3_cmake_module/cmake)
[0.576s] -- Found Eigen3: TRUE (found version "3.4.0") 
[0.576s] -- Ensuring Eigen3 include directory is part of orocos-kdl CMake target
[0.577s] -- Found tracer_msgs: 0.1.0 (/home/jacky/movecar_ws/install/tracer_msgs/share/tracer_msgs/cmake)
[0.585s] -- Found ament_lint_auto: 0.12.14 (/opt/ros/humble/share/ament_lint_auto/cmake)
[0.620s] -- Added test 'copyright' to check source files copyright and LICENSE
[0.621s] -- Added test 'cppcheck' to perform static code analysis on C / C++ code
[0.621s] -- Configured cppcheck include dirs: /home/jacky/movecar_ws/src/tracer_ros2-humble/tracer_base/include
[0.621s] -- Configured cppcheck exclude dirs and/or files: 
[0.621s] -- Added test 'cpplint' to check C / C++ code against the Google style
[0.621s] -- Configured cpplint exclude dirs and/or files: 
[0.621s] -- Added test 'flake8' to check Python code syntax and style conventions
[0.621s] -- Added test 'lint_cmake' to check CMake code style
[0.621s] -- Added test 'pep257' to check Python code against some of the docstring style conventions in PEP 257
[0.622s] -- Added test 'uncrustify' to check C / C++ code style
[0.622s] -- Configured uncrustify additional arguments: 
[0.622s] -- Added test 'xmllint' to check XML markup files
[0.622s] -- Configuring done
[0.627s] -- Generating done
[0.629s] -- Build files have been written to: /home/jacky/movecar_ws/build/tracer_base
[0.635s] Invoked command in '/home/jacky/movecar_ws/build/tracer_base' returned '0': AMENT_PREFIX_PATH=/home/jacky/movecar_ws/install/tracer_msgs:${AMENT_PREFIX_PATH} CMAKE_PREFIX_PATH=/opt/ros/humble:/home/jacky/movecar_ws/install/ugv_sdk:/home/jacky/movecar_ws/install/tracer_msgs LD_LIBRARY_PATH=/home/jacky/movecar_ws/install/tracer_msgs/lib:${LD_LIBRARY_PATH} PKG_CONFIG_PATH=/home/jacky/movecar_ws/install/ugv_sdk/lib/x86_64-linux-gnu/pkgconfig:/home/jacky/movecar_ws/install/ugv_sdk/lib/pkgconfig PYTHONPATH=/home/jacky/movecar_ws/install/tracer_msgs/local/lib/python3.10/dist-packages:${PYTHONPATH} ROS_PACKAGE_PATH=/home/jacky/movecar_ws/install/ugv_sdk/share /usr/bin/cmake /home/jacky/movecar_ws/src/tracer_ros2-humble/tracer_base -DCMAKE_INSTALL_PREFIX=/home/jacky/movecar_ws/install/tracer_base
[0.636s] Invoking command in '/home/jacky/movecar_ws/build/tracer_base': AMENT_PREFIX_PATH=/home/jacky/movecar_ws/install/tracer_msgs:${AMENT_PREFIX_PATH} CMAKE_PREFIX_PATH=/opt/ros/humble:/home/jacky/movecar_ws/install/ugv_sdk:/home/jacky/movecar_ws/install/tracer_msgs LD_LIBRARY_PATH=/home/jacky/movecar_ws/install/tracer_msgs/lib:${LD_LIBRARY_PATH} PKG_CONFIG_PATH=/home/jacky/movecar_ws/install/ugv_sdk/lib/x86_64-linux-gnu/pkgconfig:/home/jacky/movecar_ws/install/ugv_sdk/lib/pkgconfig PYTHONPATH=/home/jacky/movecar_ws/install/tracer_msgs/local/lib/python3.10/dist-packages:${PYTHONPATH} ROS_PACKAGE_PATH=/home/jacky/movecar_ws/install/ugv_sdk/share /usr/bin/cmake --build /home/jacky/movecar_ws/build/tracer_base -- -j32 -l32
[0.657s] [ 33%] [32mBuilding CXX object CMakeFiles/tracer_base_node.dir/src/tracer_base_node.cpp.o[0m
[0.657s] [ 66%] [32mBuilding CXX object CMakeFiles/tracer_base_node.dir/src/tracer_base_ros.cpp.o[0m
[6.504s] [100%] [32m[1mLinking CXX executable tracer_base_node[0m
[6.799s] [100%] Built target tracer_base_node
[6.805s] Invoked command in '/home/jacky/movecar_ws/build/tracer_base' returned '0': AMENT_PREFIX_PATH=/home/jacky/movecar_ws/install/tracer_msgs:${AMENT_PREFIX_PATH} CMAKE_PREFIX_PATH=/opt/ros/humble:/home/jacky/movecar_ws/install/ugv_sdk:/home/jacky/movecar_ws/install/tracer_msgs LD_LIBRARY_PATH=/home/jacky/movecar_ws/install/tracer_msgs/lib:${LD_LIBRARY_PATH} PKG_CONFIG_PATH=/home/jacky/movecar_ws/install/ugv_sdk/lib/x86_64-linux-gnu/pkgconfig:/home/jacky/movecar_ws/install/ugv_sdk/lib/pkgconfig PYTHONPATH=/home/jacky/movecar_ws/install/tracer_msgs/local/lib/python3.10/dist-packages:${PYTHONPATH} ROS_PACKAGE_PATH=/home/jacky/movecar_ws/install/ugv_sdk/share /usr/bin/cmake --build /home/jacky/movecar_ws/build/tracer_base -- -j32 -l32
[6.805s] Invoking command in '/home/jacky/movecar_ws/build/tracer_base': AMENT_PREFIX_PATH=/home/jacky/movecar_ws/install/tracer_msgs:${AMENT_PREFIX_PATH} CMAKE_PREFIX_PATH=/opt/ros/humble:/home/jacky/movecar_ws/install/ugv_sdk:/home/jacky/movecar_ws/install/tracer_msgs LD_LIBRARY_PATH=/home/jacky/movecar_ws/install/tracer_msgs/lib:${LD_LIBRARY_PATH} PKG_CONFIG_PATH=/home/jacky/movecar_ws/install/ugv_sdk/lib/x86_64-linux-gnu/pkgconfig:/home/jacky/movecar_ws/install/ugv_sdk/lib/pkgconfig PYTHONPATH=/home/jacky/movecar_ws/install/tracer_msgs/local/lib/python3.10/dist-packages:${PYTHONPATH} ROS_PACKAGE_PATH=/home/jacky/movecar_ws/install/ugv_sdk/share /usr/bin/cmake --install /home/jacky/movecar_ws/build/tracer_base
[6.809s] -- Install configuration: ""
[6.809s] -- Installing: /home/jacky/movecar_ws/install/tracer_base/lib/tracer_base/tracer_base_node
[6.811s] -- Set runtime path of "/home/jacky/movecar_ws/install/tracer_base/lib/tracer_base/tracer_base_node" to ""
[6.811s] -- Installing: /home/jacky/movecar_ws/install/tracer_base/share/tracer_base//launch
[6.811s] -- Installing: /home/jacky/movecar_ws/install/tracer_base/share/tracer_base//launch/tracer_base.launch.py
[6.811s] -- Installing: /home/jacky/movecar_ws/install/tracer_base/share/tracer_base//launch/tracer_mini_base.launch.py
[6.811s] -- Installing: /home/jacky/movecar_ws/install/tracer_base/share/ament_index/resource_index/package_run_dependencies/tracer_base
[6.811s] -- Installing: /home/jacky/movecar_ws/install/tracer_base/share/ament_index/resource_index/parent_prefix_path/tracer_base
[6.811s] -- Installing: /home/jacky/movecar_ws/install/tracer_base/share/tracer_base/environment/ament_prefix_path.sh
[6.811s] -- Installing: /home/jacky/movecar_ws/install/tracer_base/share/tracer_base/environment/ament_prefix_path.dsv
[6.811s] -- Installing: /home/jacky/movecar_ws/install/tracer_base/share/tracer_base/environment/path.sh
[6.811s] -- Installing: /home/jacky/movecar_ws/install/tracer_base/share/tracer_base/environment/path.dsv
[6.811s] -- Installing: /home/jacky/movecar_ws/install/tracer_base/share/tracer_base/local_setup.bash
[6.811s] -- Installing: /home/jacky/movecar_ws/install/tracer_base/share/tracer_base/local_setup.sh
[6.811s] -- Installing: /home/jacky/movecar_ws/install/tracer_base/share/tracer_base/local_setup.zsh
[6.812s] -- Installing: /home/jacky/movecar_ws/install/tracer_base/share/tracer_base/local_setup.dsv
[6.812s] -- Installing: /home/jacky/movecar_ws/install/tracer_base/share/tracer_base/package.dsv
[6.812s] -- Installing: /home/jacky/movecar_ws/install/tracer_base/share/ament_index/resource_index/packages/tracer_base
[6.812s] -- Installing: /home/jacky/movecar_ws/install/tracer_base/share/tracer_base/cmake/tracer_baseConfig.cmake
[6.812s] -- Installing: /home/jacky/movecar_ws/install/tracer_base/share/tracer_base/cmake/tracer_baseConfig-version.cmake
[6.812s] -- Installing: /home/jacky/movecar_ws/install/tracer_base/share/tracer_base/package.xml
[6.813s] Invoked command in '/home/jacky/movecar_ws/build/tracer_base' returned '0': AMENT_PREFIX_PATH=/home/jacky/movecar_ws/install/tracer_msgs:${AMENT_PREFIX_PATH} CMAKE_PREFIX_PATH=/opt/ros/humble:/home/jacky/movecar_ws/install/ugv_sdk:/home/jacky/movecar_ws/install/tracer_msgs LD_LIBRARY_PATH=/home/jacky/movecar_ws/install/tracer_msgs/lib:${LD_LIBRARY_PATH} PKG_CONFIG_PATH=/home/jacky/movecar_ws/install/ugv_sdk/lib/x86_64-linux-gnu/pkgconfig:/home/jacky/movecar_ws/install/ugv_sdk/lib/pkgconfig PYTHONPATH=/home/jacky/movecar_ws/install/tracer_msgs/local/lib/python3.10/dist-packages:${PYTHONPATH} ROS_PACKAGE_PATH=/home/jacky/movecar_ws/install/ugv_sdk/share /usr/bin/cmake --install /home/jacky/movecar_ws/build/tracer_base
