[0.006s] Invoking command in '/home/jacky/movecar_ws/build/ugv_sdk': /usr/bin/cmake /home/jacky/movecar_ws/src/ugv_sdk-main -DCATKIN_INSTALL_INTO_PREFIX_ROOT=0 -DCMAKE_INSTALL_PREFIX=/home/jacky/movecar_ws/install/ugv_sdk
[0.102s] -- The C compiler identification is GNU 12.3.0
[0.160s] -- The CXX compiler identification is GNU 11.4.0
[0.164s] -- Detecting C compiler ABI info
[0.202s] -- Detecting C compiler ABI info - done
[0.206s] -- Check for working C compiler: /usr/bin/cc - skipped
[0.206s] -- Detecting C compile features
[0.207s] -- Detecting C compile features - done
[0.208s] -- Detecting CXX compiler ABI info
[0.240s] -- Detecting CXX compiler ABI info - done
[0.244s] -- Check for working CXX compiler: /usr/bin/c++ - skipped
[0.244s] -- Detecting CXX compile features
[0.244s] -- Detecting CXX compile features - done
[0.244s] -- Build package with cmake
[0.244s] -- Setting build type to 'Release' as none was specified.
[0.244s] -- Tests will not be built
[0.247s] -- Looking for pthread.h
[0.283s] -- Looking for pthread.h - found
[0.284s] -- Performing Test CMAKE_HAVE_LIBC_PTHREAD
[0.318s] -- Performing Test CMAKE_HAVE_LIBC_PTHREAD - Success
[0.319s] -- Found Threads: TRUE  
[0.320s] -- Project will be installed to /home/jacky/movecar_ws/install/ugv_sdk with 'make install'
[0.320s] --  - To install LIB components to /home/jacky/movecar_ws/install/ugv_sdk/lib
[0.320s] --  - To install BIN components to /home/jacky/movecar_ws/install/ugv_sdk/bin
[0.320s] --  - To install INCLUDE components to /home/jacky/movecar_ws/install/ugv_sdk/include
[0.320s] --  - To install CMAKE components to /home/jacky/movecar_ws/install/ugv_sdk/share/cmake/ugv_sdk
[0.324s] -- Configuring done
[0.329s] -- Generating done
[0.330s] [33mCMake Warning:
[0.330s]   Manually-specified variables were not used by the project:
[0.330s] 
[0.330s]     CATKIN_INSTALL_INTO_PREFIX_ROOT
[0.330s] 
[0.330s] [0m
[0.331s] -- Build files have been written to: /home/jacky/movecar_ws/build/ugv_sdk
[0.333s] Invoked command in '/home/jacky/movecar_ws/build/ugv_sdk' returned '0': /usr/bin/cmake /home/jacky/movecar_ws/src/ugv_sdk-main -DCATKIN_INSTALL_INTO_PREFIX_ROOT=0 -DCMAKE_INSTALL_PREFIX=/home/jacky/movecar_ws/install/ugv_sdk
[0.335s] Invoking command in '/home/jacky/movecar_ws/build/ugv_sdk': /usr/bin/cmake --build /home/jacky/movecar_ws/build/ugv_sdk -- -j32 -l32
[0.357s] [ 13%] [32mBuilding CXX object CMakeFiles/ugv_sdk.dir/src/utilities/protocol_detector.cpp.o[0m
[0.357s] [ 13%] [32mBuilding CXX object CMakeFiles/ugv_sdk.dir/src/mobile_robot/hunter_robot.cpp.o[0m
[0.357s] [ 13%] [32mBuilding C object CMakeFiles/ugv_sdk.dir/src/protocol_v2/agilex_msg_parser_v2.c.o[0m
[0.357s] [ 13%] [32mBuilding CXX object CMakeFiles/ugv_sdk.dir/src/mobile_robot/tracer_robot.cpp.o[0m
[0.357s] [ 20%] [32mBuilding C object CMakeFiles/ugv_sdk.dir/src/protocol_v1/agilex_msg_parser_v1.c.o[0m
[0.357s] [ 20%] [32mBuilding CXX object CMakeFiles/ugv_sdk.dir/src/mobile_robot/ranger_robot.cpp.o[0m
[0.357s] [ 37%] [32mBuilding CXX object CMakeFiles/ugv_sdk.dir/src/async_port/async_can.cpp.o[0m
[0.357s] [ 37%] [32mBuilding CXX object CMakeFiles/ugv_sdk.dir/src/mobile_robot/scout_robot.cpp.o[0m
[0.357s] [ 37%] [32mBuilding CXX object CMakeFiles/ugv_sdk.dir/src/protocol_v2/protocol_v2_parser.cpp.o[0m
[0.357s] [ 37%] [32mBuilding CXX object CMakeFiles/ugv_sdk.dir/src/mobile_robot/titan_robot.cpp.o[0m
[0.357s] [ 37%] [32mBuilding CXX object CMakeFiles/ugv_sdk.dir/src/async_port/async_serial.cpp.o[0m
[0.358s] [ 41%] [32mBuilding CXX object CMakeFiles/ugv_sdk.dir/src/mobile_robot/bunker_robot.cpp.o[0m
[0.390s] In file included from [01m[K/home/jacky/movecar_ws/src/ugv_sdk-main/include/ugv_sdk/utilities/protocol_detector.hpp:15[m[K,
[0.390s]                  from [01m[K/home/jacky/movecar_ws/src/ugv_sdk-main/src/utilities/protocol_detector.cpp:10[m[K:
[0.390s] [01m[K/home/jacky/movecar_ws/src/ugv_sdk-main/include/ugv_sdk/details/async_port/async_can.hpp:24:10:[m[K [01;31m[Kfatal error: [m[Kasio.hpp: 没有那个文件或目录
[0.390s]    24 | #include [01;31m[K"asio.hpp"[m[K
[0.390s]       |          [01;31m[K^~~~~~~~~~[m[K
[0.390s] compilation terminated.
[0.390s] In file included from [01m[K/home/jacky/movecar_ws/src/ugv_sdk-main/src/async_port/async_can.cpp:10[m[K:
[0.390s] [01m[K/home/jacky/movecar_ws/src/ugv_sdk-main/include/ugv_sdk/details/async_port/async_can.hpp:24:10:[m[K [01;31m[Kfatal error: [m[Kasio.hpp: 没有那个文件或目录
[0.390s]    24 | #include [01;31m[K"asio.hpp"[m[K
[0.390s]       |          [01;31m[K^~~~~~~~~~[m[K
[0.390s] compilation terminated.
[0.391s] gmake[2]: *** [CMakeFiles/ugv_sdk.dir/build.make:90：CMakeFiles/ugv_sdk.dir/src/async_port/async_can.cpp.o] 错误 1
[0.391s] gmake[2]: *** 正在等待未完成的任务....
[0.391s] gmake[2]: *** [CMakeFiles/ugv_sdk.dir/build.make:104：CMakeFiles/ugv_sdk.dir/src/utilities/protocol_detector.cpp.o] 错误 1
[0.395s] In file included from [01m[K/home/jacky/movecar_ws/src/ugv_sdk-main/src/async_port/async_serial.cpp:10[m[K:
[0.395s] [01m[K/home/jacky/movecar_ws/src/ugv_sdk-main/include/ugv_sdk/details/async_port/async_serial.hpp:20:10:[m[K [01;31m[Kfatal error: [m[Kasio.hpp: 没有那个文件或目录
[0.395s]    20 | #include [01;31m[K"asio.hpp"[m[K
[0.395s]       |          [01;31m[K^~~~~~~~~~[m[K
[0.395s] compilation terminated.
[0.395s] gmake[2]: *** [CMakeFiles/ugv_sdk.dir/build.make:76：CMakeFiles/ugv_sdk.dir/src/async_port/async_serial.cpp.o] 错误 1
[0.402s] In file included from [01m[K/home/jacky/movecar_ws/src/ugv_sdk-main/include/ugv_sdk/details/robot_base/agilex_base.hpp:21[m[K,
[0.402s]                  from [01m[K/home/jacky/movecar_ws/src/ugv_sdk-main/include/ugv_sdk/details/robot_base/bunker_base.hpp:19[m[K,
[0.402s]                  from [01m[K/home/jacky/movecar_ws/src/ugv_sdk-main/src/mobile_robot/bunker_robot.cpp:11[m[K:
[0.402s] [01m[K/home/jacky/movecar_ws/src/ugv_sdk-main/include/ugv_sdk/details/async_port/async_can.hpp:24:10:[m[K [01;31m[Kfatal error: [m[Kasio.hpp: 没有那个文件或目录
[0.402s]    24 | #include [01;31m[K"asio.hpp"[m[K
[0.402s]       |          [01;31m[K^~~~~~~~~~[m[K
[0.402s] compilation terminated.
[0.402s] In file included from [01m[K/home/jacky/movecar_ws/src/ugv_sdk-main/include/ugv_sdk/details/robot_base/agilex_base.hpp:21[m[K,
[0.402s]                  from [01m[K/home/jacky/movecar_ws/src/ugv_sdk-main/include/ugv_sdk/details/robot_base/tracer_base.hpp:19[m[K,
[0.403s]                  from [01m[K/home/jacky/movecar_ws/src/ugv_sdk-main/src/mobile_robot/tracer_robot.cpp:11[m[K:
[0.403s] [01m[K/home/jacky/movecar_ws/src/ugv_sdk-main/include/ugv_sdk/details/async_port/async_can.hpp:24:10:[m[K [01;31m[Kfatal error: [m[Kasio.hpp: 没有那个文件或目录
[0.403s]    24 | #include [01;31m[K"asio.hpp"[m[K
[0.403s]       |          [01;31m[K^~~~~~~~~~[m[K
[0.403s] In file included from [01m[K/home/jacky/movecar_ws/src/ugv_sdk-main/include/ugv_sdk/details/robot_base/agilex_base.hpp:21[m[K,
[0.403s]                  from [01m[K/home/jacky/movecar_ws/src/ugv_sdk-main/include/ugv_sdk/details/robot_base/hunter_base.hpp:19[m[K,
[0.403s]                  from [01m[K/home/jacky/movecar_ws/src/ugv_sdk-main/src/mobile_robot/hunter_robot.cpp:11[m[K:
[0.403s] [01m[K/home/jacky/movecar_ws/src/ugv_sdk-main/include/ugv_sdk/details/async_port/async_can.hpp:24:10:[m[K [01;31m[Kfatal error: [m[Kasio.hpp: 没有那个文件或目录
[0.403s]    24 | #include [01;31m[K"asio.hpp"[m[K
[0.403s]       |          [01;31m[K^~~~~~~~~~[m[K
[0.403s] In file included from [01m[K/home/jacky/movecar_ws/src/ugv_sdk-main/include/ugv_sdk/details/robot_base/agilex_base.hpp:21[m[K,
[0.403s]                  from [01m[K/home/jacky/movecar_ws/src/ugv_sdk-main/include/ugv_sdk/details/robot_base/scout_base.hpp:19[m[K,
[0.403s]                  from [01m[K/home/jacky/movecar_ws/src/ugv_sdk-main/src/mobile_robot/scout_robot.cpp:11[m[K:
[0.403s] [01m[K/home/jacky/movecar_ws/src/ugv_sdk-main/include/ugv_sdk/details/async_port/async_can.hpp:24:10:[m[K [01;31m[Kfatal error: [m[Kasio.hpp: 没有那个文件或目录
[0.403s]    24 | #include [01;31m[K"asio.hpp"[m[K
[0.403s]       |          [01;31m[K^~~~~~~~~~[m[K
[0.403s] compilation terminated.
[0.403s] compilation terminated.
[0.403s] compilation terminated.
[0.403s] gmake[2]: *** [CMakeFiles/ugv_sdk.dir/build.make:146：CMakeFiles/ugv_sdk.dir/src/mobile_robot/bunker_robot.cpp.o] 错误 1
[0.403s] gmake[2]: *** [CMakeFiles/ugv_sdk.dir/build.make:132：CMakeFiles/ugv_sdk.dir/src/mobile_robot/hunter_robot.cpp.o] 错误 1
[0.403s] gmake[2]: *** [CMakeFiles/ugv_sdk.dir/build.make:118：CMakeFiles/ugv_sdk.dir/src/mobile_robot/scout_robot.cpp.o] 错误 1
[0.403s] gmake[2]: *** [CMakeFiles/ugv_sdk.dir/build.make:188：CMakeFiles/ugv_sdk.dir/src/mobile_robot/tracer_robot.cpp.o] 错误 1
[0.404s] In file included from [01m[K/home/jacky/movecar_ws/src/ugv_sdk-main/include/ugv_sdk/details/robot_base/agilex_base.hpp:21[m[K,
[0.404s]                  from [01m[K/home/jacky/movecar_ws/src/ugv_sdk-main/include/ugv_sdk/details/robot_base/titan_base.hpp:18[m[K,
[0.404s]                  from [01m[K/home/jacky/movecar_ws/src/ugv_sdk-main/include/ugv_sdk/mobile_robot/titan_robot.hpp:15[m[K,
[0.404s]                  from [01m[K/home/jacky/movecar_ws/src/ugv_sdk-main/src/mobile_robot/titan_robot.cpp:9[m[K:
[0.404s] [01m[K/home/jacky/movecar_ws/src/ugv_sdk-main/include/ugv_sdk/details/async_port/async_can.hpp:24:10:[m[K [01;31m[Kfatal error: [m[Kasio.hpp: 没有那个文件或目录
[0.404s]    24 | #include [01;31m[K"asio.hpp"[m[K
[0.404s]       |          [01;31m[K^~~~~~~~~~[m[K
[0.404s] compilation terminated.
[0.404s] In file included from [01m[K/home/jacky/movecar_ws/src/ugv_sdk-main/include/ugv_sdk/details/robot_base/agilex_base.hpp:21[m[K,
[0.404s]                  from [01m[K/home/jacky/movecar_ws/src/ugv_sdk-main/include/ugv_sdk/details/robot_base/ranger_base.hpp:10[m[K,
[0.404s]                  from [01m[K/home/jacky/movecar_ws/src/ugv_sdk-main/include/ugv_sdk/mobile_robot/ranger_robot.hpp:15[m[K,
[0.404s]                  from [01m[K/home/jacky/movecar_ws/src/ugv_sdk-main/src/mobile_robot/ranger_robot.cpp:9[m[K:
[0.404s] [01m[K/home/jacky/movecar_ws/src/ugv_sdk-main/include/ugv_sdk/details/async_port/async_can.hpp:24:10:[m[K [01;31m[Kfatal error: [m[Kasio.hpp: 没有那个文件或目录
[0.404s]    24 | #include [01;31m[K"asio.hpp"[m[K
[0.404s]       |          [01;31m[K^~~~~~~~~~[m[K
[0.404s] compilation terminated.
[0.404s] gmake[2]: *** [CMakeFiles/ugv_sdk.dir/build.make:174：CMakeFiles/ugv_sdk.dir/src/mobile_robot/titan_robot.cpp.o] 错误 1
[0.404s] gmake[2]: *** [CMakeFiles/ugv_sdk.dir/build.make:160：CMakeFiles/ugv_sdk.dir/src/mobile_robot/ranger_robot.cpp.o] 错误 1
[0.427s] gmake[1]: *** [CMakeFiles/Makefile2:209：CMakeFiles/ugv_sdk.dir/all] 错误 2
[0.427s] gmake: *** [Makefile:156：all] 错误 2
[0.428s] Invoked command in '/home/jacky/movecar_ws/build/ugv_sdk' returned '2': /usr/bin/cmake --build /home/jacky/movecar_ws/build/ugv_sdk -- -j32 -l32
