-- The C compiler identification is GNU 12.3.0
-- The CXX compiler identification is GNU 11.4.0
-- Detecting C compiler ABI info
-- Detecting C compiler ABI info - done
-- Check for working C compiler: /usr/bin/cc - skipped
-- Detecting C compile features
-- Detecting C compile features - done
-- Detecting CXX compiler ABI info
-- Detecting CXX compiler ABI info - done
-- Check for working CXX compiler: /usr/bin/c++ - skipped
-- Detecting CXX compile features
-- Detecting CXX compile features - done
-- Build package with cmake
-- Setting build type to 'Release' as none was specified.
-- Tests will not be built
-- Looking for pthread.h
-- Looking for pthread.h - found
-- Performing Test CMAKE_HAVE_LIBC_PTHREAD
-- Performing Test CMAKE_HAVE_LIBC_PTHREAD - Success
-- Found Threads: TRUE  
-- Project will be installed to /home/jacky/movecar_ws/install/ugv_sdk with 'make install'
--  - To install LIB components to /home/jacky/movecar_ws/install/ugv_sdk/lib
--  - To install BIN components to /home/jacky/movecar_ws/install/ugv_sdk/bin
--  - To install INCLUDE components to /home/jacky/movecar_ws/install/ugv_sdk/include
--  - To install CMAKE components to /home/jacky/movecar_ws/install/ugv_sdk/share/cmake/ugv_sdk
-- Configuring done
-- Generating done
[33mCMake Warning:
  Manually-specified variables were not used by the project:

    CATKIN_INSTALL_INTO_PREFIX_ROOT

[0m
-- Build files have been written to: /home/jacky/movecar_ws/build/ugv_sdk
[ 13%] [32mBuilding CXX object CMakeFiles/ugv_sdk.dir/src/utilities/protocol_detector.cpp.o[0m
[ 13%] [32mBuilding CXX object CMakeFiles/ugv_sdk.dir/src/mobile_robot/hunter_robot.cpp.o[0m
[ 13%] [32mBuilding C object CMakeFiles/ugv_sdk.dir/src/protocol_v2/agilex_msg_parser_v2.c.o[0m
[ 13%] [32mBuilding CXX object CMakeFiles/ugv_sdk.dir/src/mobile_robot/tracer_robot.cpp.o[0m
[ 20%] [32mBuilding C object CMakeFiles/ugv_sdk.dir/src/protocol_v1/agilex_msg_parser_v1.c.o[0m
[ 20%] [32mBuilding CXX object CMakeFiles/ugv_sdk.dir/src/mobile_robot/ranger_robot.cpp.o[0m
[ 37%] [32mBuilding CXX object CMakeFiles/ugv_sdk.dir/src/async_port/async_can.cpp.o[0m
[ 37%] [32mBuilding CXX object CMakeFiles/ugv_sdk.dir/src/mobile_robot/scout_robot.cpp.o[0m
[ 37%] [32mBuilding CXX object CMakeFiles/ugv_sdk.dir/src/protocol_v2/protocol_v2_parser.cpp.o[0m
[ 37%] [32mBuilding CXX object CMakeFiles/ugv_sdk.dir/src/mobile_robot/titan_robot.cpp.o[0m
[ 37%] [32mBuilding CXX object CMakeFiles/ugv_sdk.dir/src/async_port/async_serial.cpp.o[0m
[ 41%] [32mBuilding CXX object CMakeFiles/ugv_sdk.dir/src/mobile_robot/bunker_robot.cpp.o[0m
In file included from [01m[K/home/jacky/movecar_ws/src/ugv_sdk-main/include/ugv_sdk/utilities/protocol_detector.hpp:15[m[K,
                 from [01m[K/home/jacky/movecar_ws/src/ugv_sdk-main/src/utilities/protocol_detector.cpp:10[m[K:
[01m[K/home/jacky/movecar_ws/src/ugv_sdk-main/include/ugv_sdk/details/async_port/async_can.hpp:24:10:[m[K [01;31m[Kfatal error: [m[Kasio.hpp: 没有那个文件或目录
   24 | #include [01;31m[K"asio.hpp"[m[K
      |          [01;31m[K^~~~~~~~~~[m[K
compilation terminated.
In file included from [01m[K/home/jacky/movecar_ws/src/ugv_sdk-main/src/async_port/async_can.cpp:10[m[K:
[01m[K/home/jacky/movecar_ws/src/ugv_sdk-main/include/ugv_sdk/details/async_port/async_can.hpp:24:10:[m[K [01;31m[Kfatal error: [m[Kasio.hpp: 没有那个文件或目录
   24 | #include [01;31m[K"asio.hpp"[m[K
      |          [01;31m[K^~~~~~~~~~[m[K
compilation terminated.
gmake[2]: *** [CMakeFiles/ugv_sdk.dir/build.make:90：CMakeFiles/ugv_sdk.dir/src/async_port/async_can.cpp.o] 错误 1
gmake[2]: *** 正在等待未完成的任务....
gmake[2]: *** [CMakeFiles/ugv_sdk.dir/build.make:104：CMakeFiles/ugv_sdk.dir/src/utilities/protocol_detector.cpp.o] 错误 1
In file included from [01m[K/home/jacky/movecar_ws/src/ugv_sdk-main/src/async_port/async_serial.cpp:10[m[K:
[01m[K/home/jacky/movecar_ws/src/ugv_sdk-main/include/ugv_sdk/details/async_port/async_serial.hpp:20:10:[m[K [01;31m[Kfatal error: [m[Kasio.hpp: 没有那个文件或目录
   20 | #include [01;31m[K"asio.hpp"[m[K
      |          [01;31m[K^~~~~~~~~~[m[K
compilation terminated.
gmake[2]: *** [CMakeFiles/ugv_sdk.dir/build.make:76：CMakeFiles/ugv_sdk.dir/src/async_port/async_serial.cpp.o] 错误 1
In file included from [01m[K/home/jacky/movecar_ws/src/ugv_sdk-main/include/ugv_sdk/details/robot_base/agilex_base.hpp:21[m[K,
                 from [01m[K/home/jacky/movecar_ws/src/ugv_sdk-main/include/ugv_sdk/details/robot_base/bunker_base.hpp:19[m[K,
                 from [01m[K/home/jacky/movecar_ws/src/ugv_sdk-main/src/mobile_robot/bunker_robot.cpp:11[m[K:
[01m[K/home/jacky/movecar_ws/src/ugv_sdk-main/include/ugv_sdk/details/async_port/async_can.hpp:24:10:[m[K [01;31m[Kfatal error: [m[Kasio.hpp: 没有那个文件或目录
   24 | #include [01;31m[K"asio.hpp"[m[K
      |          [01;31m[K^~~~~~~~~~[m[K
compilation terminated.
In file included from [01m[K/home/jacky/movecar_ws/src/ugv_sdk-main/include/ugv_sdk/details/robot_base/agilex_base.hpp:21[m[K,
                 from [01m[K/home/jacky/movecar_ws/src/ugv_sdk-main/include/ugv_sdk/details/robot_base/tracer_base.hpp:19[m[K,
                 from [01m[K/home/jacky/movecar_ws/src/ugv_sdk-main/src/mobile_robot/tracer_robot.cpp:11[m[K:
[01m[K/home/jacky/movecar_ws/src/ugv_sdk-main/include/ugv_sdk/details/async_port/async_can.hpp:24:10:[m[K [01;31m[Kfatal error: [m[Kasio.hpp: 没有那个文件或目录
   24 | #include [01;31m[K"asio.hpp"[m[K
      |          [01;31m[K^~~~~~~~~~[m[K
In file included from [01m[K/home/jacky/movecar_ws/src/ugv_sdk-main/include/ugv_sdk/details/robot_base/agilex_base.hpp:21[m[K,
                 from [01m[K/home/jacky/movecar_ws/src/ugv_sdk-main/include/ugv_sdk/details/robot_base/hunter_base.hpp:19[m[K,
                 from [01m[K/home/jacky/movecar_ws/src/ugv_sdk-main/src/mobile_robot/hunter_robot.cpp:11[m[K:
[01m[K/home/jacky/movecar_ws/src/ugv_sdk-main/include/ugv_sdk/details/async_port/async_can.hpp:24:10:[m[K [01;31m[Kfatal error: [m[Kasio.hpp: 没有那个文件或目录
   24 | #include [01;31m[K"asio.hpp"[m[K
      |          [01;31m[K^~~~~~~~~~[m[K
In file included from [01m[K/home/jacky/movecar_ws/src/ugv_sdk-main/include/ugv_sdk/details/robot_base/agilex_base.hpp:21[m[K,
                 from [01m[K/home/jacky/movecar_ws/src/ugv_sdk-main/include/ugv_sdk/details/robot_base/scout_base.hpp:19[m[K,
                 from [01m[K/home/jacky/movecar_ws/src/ugv_sdk-main/src/mobile_robot/scout_robot.cpp:11[m[K:
[01m[K/home/jacky/movecar_ws/src/ugv_sdk-main/include/ugv_sdk/details/async_port/async_can.hpp:24:10:[m[K [01;31m[Kfatal error: [m[Kasio.hpp: 没有那个文件或目录
   24 | #include [01;31m[K"asio.hpp"[m[K
      |          [01;31m[K^~~~~~~~~~[m[K
compilation terminated.
compilation terminated.
compilation terminated.
gmake[2]: *** [CMakeFiles/ugv_sdk.dir/build.make:146：CMakeFiles/ugv_sdk.dir/src/mobile_robot/bunker_robot.cpp.o] 错误 1
gmake[2]: *** [CMakeFiles/ugv_sdk.dir/build.make:132：CMakeFiles/ugv_sdk.dir/src/mobile_robot/hunter_robot.cpp.o] 错误 1
gmake[2]: *** [CMakeFiles/ugv_sdk.dir/build.make:118：CMakeFiles/ugv_sdk.dir/src/mobile_robot/scout_robot.cpp.o] 错误 1
gmake[2]: *** [CMakeFiles/ugv_sdk.dir/build.make:188：CMakeFiles/ugv_sdk.dir/src/mobile_robot/tracer_robot.cpp.o] 错误 1
In file included from [01m[K/home/jacky/movecar_ws/src/ugv_sdk-main/include/ugv_sdk/details/robot_base/agilex_base.hpp:21[m[K,
                 from [01m[K/home/jacky/movecar_ws/src/ugv_sdk-main/include/ugv_sdk/details/robot_base/titan_base.hpp:18[m[K,
                 from [01m[K/home/jacky/movecar_ws/src/ugv_sdk-main/include/ugv_sdk/mobile_robot/titan_robot.hpp:15[m[K,
                 from [01m[K/home/jacky/movecar_ws/src/ugv_sdk-main/src/mobile_robot/titan_robot.cpp:9[m[K:
[01m[K/home/jacky/movecar_ws/src/ugv_sdk-main/include/ugv_sdk/details/async_port/async_can.hpp:24:10:[m[K [01;31m[Kfatal error: [m[Kasio.hpp: 没有那个文件或目录
   24 | #include [01;31m[K"asio.hpp"[m[K
      |          [01;31m[K^~~~~~~~~~[m[K
compilation terminated.
In file included from [01m[K/home/jacky/movecar_ws/src/ugv_sdk-main/include/ugv_sdk/details/robot_base/agilex_base.hpp:21[m[K,
                 from [01m[K/home/jacky/movecar_ws/src/ugv_sdk-main/include/ugv_sdk/details/robot_base/ranger_base.hpp:10[m[K,
                 from [01m[K/home/jacky/movecar_ws/src/ugv_sdk-main/include/ugv_sdk/mobile_robot/ranger_robot.hpp:15[m[K,
                 from [01m[K/home/jacky/movecar_ws/src/ugv_sdk-main/src/mobile_robot/ranger_robot.cpp:9[m[K:
[01m[K/home/jacky/movecar_ws/src/ugv_sdk-main/include/ugv_sdk/details/async_port/async_can.hpp:24:10:[m[K [01;31m[Kfatal error: [m[Kasio.hpp: 没有那个文件或目录
   24 | #include [01;31m[K"asio.hpp"[m[K
      |          [01;31m[K^~~~~~~~~~[m[K
compilation terminated.
gmake[2]: *** [CMakeFiles/ugv_sdk.dir/build.make:174：CMakeFiles/ugv_sdk.dir/src/mobile_robot/titan_robot.cpp.o] 错误 1
gmake[2]: *** [CMakeFiles/ugv_sdk.dir/build.make:160：CMakeFiles/ugv_sdk.dir/src/mobile_robot/ranger_robot.cpp.o] 错误 1
gmake[1]: *** [CMakeFiles/Makefile2:209：CMakeFiles/ugv_sdk.dir/all] 错误 2
gmake: *** [Makefile:156：all] 错误 2
