[0.005s] Invoking command in '/home/jacky/movecar_ws/build/tracer_base': AMENT_PREFIX_PATH=/home/jacky/movecar_ws/install/tracer_msgs:${AMENT_PREFIX_PATH} CMAKE_PREFIX_PATH=/opt/ros/humble:/home/jacky/movecar_ws/install/ugv_sdk:/home/jacky/movecar_ws/install/tracer_msgs LD_LIBRARY_PATH=/home/jacky/movecar_ws/install/tracer_msgs/lib:${LD_LIBRARY_PATH} PKG_CONFIG_PATH=/home/jacky/movecar_ws/install/ugv_sdk/lib/x86_64-linux-gnu/pkgconfig:/home/jacky/movecar_ws/install/ugv_sdk/lib/pkgconfig PYTHONPATH=/home/jacky/movecar_ws/install/tracer_msgs/local/lib/python3.10/dist-packages:${PYTHONPATH} ROS_PACKAGE_PATH=/home/jacky/movecar_ws/install/ugv_sdk/share /usr/bin/cmake --build /home/jacky/movecar_ws/build/tracer_base -- -j32 -l32
[0.026s] [35m[1mConsolidate compiler generated dependencies of target tracer_base_node[0m
[0.042s] [ 33%] [32mBuilding CXX object CMakeFiles/tracer_base_node.dir/src/tracer_base_ros.cpp.o[0m
[0.042s] [ 66%] [32mBuilding CXX object CMakeFiles/tracer_base_node.dir/src/tracer_base_node.cpp.o[0m
[1.582s] In file included from [01m[K/home/jacky/movecar_ws/src/tracer_ros2-humble/tracer_base/src/tracer_base_ros.cpp:12[m[K:
[1.582s] /home/jacky/movecar_ws/src/tracer_ros2-humble/tracer_base/include/tracer_base/tracer_messenger.hpp: In instantiation of ‘[01m[Kvoid westonrobot::TracerMessenger<TracerType>::SetTracerMotionCommand(geometry_msgs::msg::Twist_<std::allocator<void> >::SharedPtr) [with TracerType = westonrobot::TracerRobot; geometry_msgs::msg::Twist_<std::allocator<void> >::SharedPtr = std::shared_ptr<geometry_msgs::msg::Twist_<std::allocator<void> > >][m[K’:
[1.582s] [01m[K/home/jacky/movecar_ws/src/tracer_ros2-humble/tracer_base/include/tracer_base/tracer_messenger.hpp:185:7:[m[K   required from ‘[01m[Kvoid westonrobot::TracerMessenger<TracerType>::TwistCmdCallback(geometry_msgs::msg::Twist_<std::allocator<void> >::SharedPtr) [with TracerType = westonrobot::TracerRobot; geometry_msgs::msg::Twist_<std::allocator<void> >::SharedPtr = std::shared_ptr<geometry_msgs::msg::Twist_<std::allocator<void> > >][m[K’
[1.582s] [01m[K/home/jacky/movecar_ws/src/tracer_ros2-humble/tracer_base/include/tracer_base/tracer_messenger.hpp:58:19:[m[K   required from ‘[01m[Kvoid westonrobot::TracerMessenger<TracerType>::SetupSubscription() [with TracerType = westonrobot::TracerRobot][m[K’
[1.582s] [01m[K/home/jacky/movecar_ws/src/tracer_ros2-humble/tracer_base/src/tracer_base_ros.cpp:144:33:[m[K   required from here
[1.582s] [01m[K/home/jacky/movecar_ws/src/tracer_ros2-humble/tracer_base/include/tracer_base/tracer_messenger.hpp:194:30:[m[K [01;31m[Kerror: [m[Kno matching function for call to ‘[01m[Kwestonrobot::TracerRobot::SetMotionCommand(geometry_msgs::msg::Vector3_<std::allocator<void> >::_x_type&, geometry_msgs::msg::Vector3_<std::allocator<void> >::_y_type&, geometry_msgs::msg::Vector3_<std::allocator<void> >::_z_type&)[m[K’
[1.582s]   194 |     [01;31m[Ktracer_->SetMotionCommand(msg->linear.x, msg->linear.y, msg->angular.z)[m[K;//TODO: 加入横向速度
[1.582s]       |     [01;31m[K~~~~~~~~~~~~~~~~~~~~~~~~~^~~~~~~~~~~~~~~~~~~~~~~~~~~~~~~~~~~~~~~~~~~~~~[m[K
[1.582s] In file included from [01m[K/home/jacky/movecar_ws/src/tracer_ros2-humble/tracer_base/include/tracer_base/tracer_base_ros.hpp:18[m[K,
[1.582s]                  from [01m[K/home/jacky/movecar_ws/src/tracer_ros2-humble/tracer_base/src/tracer_base_ros.cpp:10[m[K:
[1.582s] [01m[K/home/jacky/movecar_ws/install/ugv_sdk/include/ugv_sdk/mobile_robot/tracer_robot.hpp:29:8:[m[K [01;36m[Knote: [m[Kcandidate: ‘[01m[Kvirtual void westonrobot::TracerRobot::SetMotionCommand(double, double)[m[K’
[1.582s]    29 |   void [01;36m[KSetMotionCommand[m[K(double linear_vel, double angular_vel) override;
[1.582s]       |        [01;36m[K^~~~~~~~~~~~~~~~[m[K
[1.582s] [01m[K/home/jacky/movecar_ws/install/ugv_sdk/include/ugv_sdk/mobile_robot/tracer_robot.hpp:29:8:[m[K [01;36m[Knote: [m[K  candidate expects 2 arguments, 3 provided
[3.053s] gmake[2]: *** [CMakeFiles/tracer_base_node.dir/build.make:76：CMakeFiles/tracer_base_node.dir/src/tracer_base_ros.cpp.o] 错误 1
[3.053s] gmake[1]: *** [CMakeFiles/Makefile2:137：CMakeFiles/tracer_base_node.dir/all] 错误 2
[3.053s] gmake: *** [Makefile:146：all] 错误 2
[3.055s] Invoked command in '/home/jacky/movecar_ws/build/tracer_base' returned '2': AMENT_PREFIX_PATH=/home/jacky/movecar_ws/install/tracer_msgs:${AMENT_PREFIX_PATH} CMAKE_PREFIX_PATH=/opt/ros/humble:/home/jacky/movecar_ws/install/ugv_sdk:/home/jacky/movecar_ws/install/tracer_msgs LD_LIBRARY_PATH=/home/jacky/movecar_ws/install/tracer_msgs/lib:${LD_LIBRARY_PATH} PKG_CONFIG_PATH=/home/jacky/movecar_ws/install/ugv_sdk/lib/x86_64-linux-gnu/pkgconfig:/home/jacky/movecar_ws/install/ugv_sdk/lib/pkgconfig PYTHONPATH=/home/jacky/movecar_ws/install/tracer_msgs/local/lib/python3.10/dist-packages:${PYTHONPATH} ROS_PACKAGE_PATH=/home/jacky/movecar_ws/install/ugv_sdk/share /usr/bin/cmake --build /home/jacky/movecar_ws/build/tracer_base -- -j32 -l32
