[0.007s] Invoking command in '/home/jacky/movecar_ws/build/tracer_msgs': CMAKE_PREFIX_PATH=/opt/ros/humble /usr/bin/cmake --build /home/jacky/movecar_ws/build/tracer_msgs -- -j32 -l32
[0.028s] [  1%] [34m[1mGenerating C code for ROS interfaces[0m
[0.034s] [  3%] [34m[1mGenerating C++ code for ROS interfaces[0m
[0.038s] [  3%] Built target ament_cmake_python_copy_tracer_msgs
[0.187s] running egg_info
[0.187s] creating tracer_msgs.egg-info
[0.187s] writing tracer_msgs.egg-info/PKG-INFO
[0.187s] writing dependency_links to tracer_msgs.egg-info/dependency_links.txt
[0.187s] writing top-level names to tracer_msgs.egg-info/top_level.txt
[0.187s] writing manifest file 'tracer_msgs.egg-info/SOURCES.txt'
[0.189s] reading manifest file 'tracer_msgs.egg-info/SOURCES.txt'
[0.189s] writing manifest file 'tracer_msgs.egg-info/SOURCES.txt'
[0.212s] [  3%] Built target ament_cmake_python_build_tracer_msgs_egg
[0.360s] [  3%] Built target tracer_msgs__cpp
[0.366s] [  7%] [34m[1mGenerating C++ introspection for ROS interfaces[0m
[0.366s] [  7%] [34m[1mGenerating C++ type support for eProsima Fast-RTPS[0m
[0.366s] [  7%] [34m[1mGenerating C++ type support dispatch for ROS interfaces[0m
[0.401s] [ 12%] [32mBuilding C object CMakeFiles/tracer_msgs__rosidl_generator_c.dir/rosidl_generator_c/tracer_msgs/msg/detail/tracer_status__functions.c.o[0m
[0.401s] [ 12%] [32mBuilding C object CMakeFiles/tracer_msgs__rosidl_generator_c.dir/rosidl_generator_c/tracer_msgs/msg/detail/tracer_rc_state__functions.c.o[0m
[0.401s] [ 12%] [32mBuilding C object CMakeFiles/tracer_msgs__rosidl_generator_c.dir/rosidl_generator_c/tracer_msgs/msg/detail/tracer_actuator_state__functions.c.o[0m
[0.401s] [ 14%] [32mBuilding C object CMakeFiles/tracer_msgs__rosidl_generator_c.dir/rosidl_generator_c/tracer_msgs/msg/detail/tracer_light_cmd__functions.c.o[0m
[0.402s] [ 15%] [32mBuilding C object CMakeFiles/tracer_msgs__rosidl_generator_c.dir/rosidl_generator_c/tracer_msgs/msg/detail/tracer_light_state__functions.c.o[0m
[0.453s] [ 17%] [32m[1mLinking C shared library libtracer_msgs__rosidl_generator_c.so[0m
[0.481s] [ 17%] Built target tracer_msgs__rosidl_generator_c
[0.488s] [ 22%] [34m[1mGenerating C type support for eProsima Fast-RTPS[0m
[0.488s] [ 22%] [34m[1mGenerating C type support dispatch for ROS interfaces[0m
[0.488s] [ 22%] [34m[1mGenerating C introspection for ROS interfaces[0m
[0.660s] [ 23%] [32mBuilding CXX object CMakeFiles/tracer_msgs__rosidl_typesupport_cpp.dir/rosidl_typesupport_cpp/tracer_msgs/msg/tracer_light_cmd__type_support.cpp.o[0m
[0.662s] [ 26%] [32mBuilding CXX object CMakeFiles/tracer_msgs__rosidl_typesupport_cpp.dir/rosidl_typesupport_cpp/tracer_msgs/msg/tracer_rc_state__type_support.cpp.o[0m
[0.662s] [ 26%] [32mBuilding CXX object CMakeFiles/tracer_msgs__rosidl_typesupport_cpp.dir/rosidl_typesupport_cpp/tracer_msgs/msg/tracer_status__type_support.cpp.o[0m
[0.663s] [ 28%] [32mBuilding CXX object CMakeFiles/tracer_msgs__rosidl_typesupport_cpp.dir/rosidl_typesupport_cpp/tracer_msgs/msg/tracer_light_state__type_support.cpp.o[0m
[0.663s] [ 30%] [32mBuilding CXX object CMakeFiles/tracer_msgs__rosidl_typesupport_cpp.dir/rosidl_typesupport_cpp/tracer_msgs/msg/tracer_actuator_state__type_support.cpp.o[0m
[0.708s] [ 31%] [32mBuilding CXX object CMakeFiles/tracer_msgs__rosidl_typesupport_fastrtps_cpp.dir/rosidl_typesupport_fastrtps_cpp/tracer_msgs/msg/detail/dds_fastrtps/tracer_status__type_support.cpp.o[0m
[0.708s] [ 34%] [32mBuilding CXX object CMakeFiles/tracer_msgs__rosidl_typesupport_fastrtps_cpp.dir/rosidl_typesupport_fastrtps_cpp/tracer_msgs/msg/detail/dds_fastrtps/tracer_actuator_state__type_support.cpp.o[0m
[0.708s] [ 34%] [32mBuilding CXX object CMakeFiles/tracer_msgs__rosidl_typesupport_fastrtps_cpp.dir/rosidl_typesupport_fastrtps_cpp/tracer_msgs/msg/detail/dds_fastrtps/tracer_light_cmd__type_support.cpp.o[0m
[0.709s] [ 36%] [32mBuilding CXX object CMakeFiles/tracer_msgs__rosidl_typesupport_fastrtps_cpp.dir/rosidl_typesupport_fastrtps_cpp/tracer_msgs/msg/detail/dds_fastrtps/tracer_light_state__type_support.cpp.o[0m
[0.709s] [ 38%] [32mBuilding CXX object CMakeFiles/tracer_msgs__rosidl_typesupport_fastrtps_cpp.dir/rosidl_typesupport_fastrtps_cpp/tracer_msgs/msg/detail/dds_fastrtps/tracer_rc_state__type_support.cpp.o[0m
[0.717s] [ 41%] [32mBuilding CXX object CMakeFiles/tracer_msgs__rosidl_typesupport_introspection_cpp.dir/rosidl_typesupport_introspection_cpp/tracer_msgs/msg/detail/tracer_light_cmd__type_support.cpp.o[0m
[0.718s] [ 41%] [32mBuilding CXX object CMakeFiles/tracer_msgs__rosidl_typesupport_introspection_cpp.dir/rosidl_typesupport_introspection_cpp/tracer_msgs/msg/detail/tracer_light_state__type_support.cpp.o[0m
[0.718s] [ 46%] [32mBuilding CXX object CMakeFiles/tracer_msgs__rosidl_typesupport_introspection_cpp.dir/rosidl_typesupport_introspection_cpp/tracer_msgs/msg/detail/tracer_status__type_support.cpp.o[0m
[0.718s] [ 46%] [32mBuilding CXX object CMakeFiles/tracer_msgs__rosidl_typesupport_introspection_cpp.dir/rosidl_typesupport_introspection_cpp/tracer_msgs/msg/detail/tracer_rc_state__type_support.cpp.o[0m
[0.718s] [ 46%] [32mBuilding CXX object CMakeFiles/tracer_msgs__rosidl_typesupport_introspection_cpp.dir/rosidl_typesupport_introspection_cpp/tracer_msgs/msg/detail/tracer_actuator_state__type_support.cpp.o[0m
[0.817s] [ 47%] [32mBuilding CXX object CMakeFiles/tracer_msgs__rosidl_typesupport_c.dir/rosidl_typesupport_c/tracer_msgs/msg/tracer_rc_state__type_support.cpp.o[0m
[0.818s] [ 53%] [32mBuilding CXX object CMakeFiles/tracer_msgs__rosidl_typesupport_c.dir/rosidl_typesupport_c/tracer_msgs/msg/tracer_status__type_support.cpp.o[0m
[0.818s] [ 53%] [32mBuilding CXX object CMakeFiles/tracer_msgs__rosidl_typesupport_c.dir/rosidl_typesupport_c/tracer_msgs/msg/tracer_light_cmd__type_support.cpp.o[0m
[0.818s] [ 53%] [32mBuilding CXX object CMakeFiles/tracer_msgs__rosidl_typesupport_c.dir/rosidl_typesupport_c/tracer_msgs/msg/tracer_light_state__type_support.cpp.o[0m
[0.818s] [ 53%] [32mBuilding CXX object CMakeFiles/tracer_msgs__rosidl_typesupport_c.dir/rosidl_typesupport_c/tracer_msgs/msg/tracer_actuator_state__type_support.cpp.o[0m
[0.857s] [ 55%] [32m[1mLinking CXX shared library libtracer_msgs__rosidl_typesupport_c.so[0m
[0.862s] [ 60%] [32mBuilding C object CMakeFiles/tracer_msgs__rosidl_typesupport_introspection_c.dir/rosidl_typesupport_introspection_c/tracer_msgs/msg/detail/tracer_light_state__type_support.c.o[0m
[0.863s] [ 60%] [32mBuilding C object CMakeFiles/tracer_msgs__rosidl_typesupport_introspection_c.dir/rosidl_typesupport_introspection_c/tracer_msgs/msg/detail/tracer_light_cmd__type_support.c.o[0m
[0.863s] [ 60%] [32mBuilding C object CMakeFiles/tracer_msgs__rosidl_typesupport_introspection_c.dir/rosidl_typesupport_introspection_c/tracer_msgs/msg/detail/tracer_rc_state__type_support.c.o[0m
[0.863s] [ 61%] [32mBuilding C object CMakeFiles/tracer_msgs__rosidl_typesupport_introspection_c.dir/rosidl_typesupport_introspection_c/tracer_msgs/msg/detail/tracer_actuator_state__type_support.c.o[0m
[0.864s] [ 63%] [32mBuilding C object CMakeFiles/tracer_msgs__rosidl_typesupport_introspection_c.dir/rosidl_typesupport_introspection_c/tracer_msgs/msg/detail/tracer_status__type_support.c.o[0m
[0.909s] [ 63%] Built target tracer_msgs__rosidl_typesupport_c
[0.918s] [ 65%] [32m[1mLinking C shared library libtracer_msgs__rosidl_typesupport_introspection_c.so[0m
[0.924s] [ 66%] [32mBuilding CXX object CMakeFiles/tracer_msgs__rosidl_typesupport_fastrtps_c.dir/rosidl_typesupport_fastrtps_c/tracer_msgs/msg/detail/tracer_actuator_state__type_support_c.cpp.o[0m
[0.925s] [ 68%] [32mBuilding CXX object CMakeFiles/tracer_msgs__rosidl_typesupport_fastrtps_c.dir/rosidl_typesupport_fastrtps_c/tracer_msgs/msg/detail/tracer_light_state__type_support_c.cpp.o[0m
[0.925s] [ 73%] [32mBuilding CXX object CMakeFiles/tracer_msgs__rosidl_typesupport_fastrtps_c.dir/rosidl_typesupport_fastrtps_c/tracer_msgs/msg/detail/tracer_light_cmd__type_support_c.cpp.o[0m
[0.925s] [ 73%] [32mBuilding CXX object CMakeFiles/tracer_msgs__rosidl_typesupport_fastrtps_c.dir/rosidl_typesupport_fastrtps_c/tracer_msgs/msg/detail/tracer_status__type_support_c.cpp.o[0m
[0.925s] [ 73%] [32mBuilding CXX object CMakeFiles/tracer_msgs__rosidl_typesupport_fastrtps_c.dir/rosidl_typesupport_fastrtps_c/tracer_msgs/msg/detail/tracer_rc_state__type_support_c.cpp.o[0m
[0.927s] [ 74%] [32m[1mLinking CXX shared library libtracer_msgs__rosidl_typesupport_cpp.so[0m
[0.948s] [ 74%] Built target tracer_msgs__rosidl_typesupport_introspection_c
[0.975s] [ 74%] Built target tracer_msgs__rosidl_typesupport_cpp
[1.121s] [ 76%] [32m[1mLinking CXX shared library libtracer_msgs__rosidl_typesupport_introspection_cpp.so[0m
[1.133s] [ 77%] [32m[1mLinking CXX shared library libtracer_msgs__rosidl_typesupport_fastrtps_cpp.so[0m
[1.173s] [ 77%] Built target tracer_msgs__rosidl_typesupport_introspection_cpp
[1.185s] [ 77%] Built target tracer_msgs__rosidl_typesupport_fastrtps_cpp
[1.206s] [ 79%] [32m[1mLinking CXX shared library libtracer_msgs__rosidl_typesupport_fastrtps_c.so[0m
[1.246s] [ 79%] Built target tracer_msgs__rosidl_typesupport_fastrtps_c
[1.255s] [ 79%] Built target tracer_msgs
[1.265s] [ 80%] [34m[1mGenerating Python code for ROS interfaces[0m
[1.632s] [ 80%] Built target tracer_msgs__py
[1.640s] [ 84%] [32mBuilding C object CMakeFiles/tracer_msgs__rosidl_generator_py.dir/rosidl_generator_py/tracer_msgs/msg/_tracer_actuator_state_s.c.o[0m
[1.640s] [ 84%] [32mBuilding C object CMakeFiles/tracer_msgs__rosidl_generator_py.dir/rosidl_generator_py/tracer_msgs/msg/_tracer_light_cmd_s.c.o[0m
[1.641s] [ 85%] [32mBuilding C object CMakeFiles/tracer_msgs__rosidl_generator_py.dir/rosidl_generator_py/tracer_msgs/msg/_tracer_rc_state_s.c.o[0m
[1.641s] [ 87%] [32mBuilding C object CMakeFiles/tracer_msgs__rosidl_generator_py.dir/rosidl_generator_py/tracer_msgs/msg/_tracer_light_state_s.c.o[0m
[1.641s] [ 88%] [32mBuilding C object CMakeFiles/tracer_msgs__rosidl_generator_py.dir/rosidl_generator_py/tracer_msgs/msg/_tracer_status_s.c.o[0m
[1.709s] [ 90%] [32m[1mLinking C shared library rosidl_generator_py/tracer_msgs/libtracer_msgs__rosidl_generator_py.so[0m
[1.729s] [ 90%] Built target tracer_msgs__rosidl_generator_py
[1.737s] [ 92%] [32mBuilding C object CMakeFiles/tracer_msgs__rosidl_typesupport_introspection_c__pyext.dir/rosidl_generator_py/tracer_msgs/_tracer_msgs_s.ep.rosidl_typesupport_introspection_c.c.o[0m
[1.737s] [ 93%] [32mBuilding C object CMakeFiles/tracer_msgs__rosidl_typesupport_fastrtps_c__pyext.dir/rosidl_generator_py/tracer_msgs/_tracer_msgs_s.ep.rosidl_typesupport_fastrtps_c.c.o[0m
[1.739s] [ 95%] [32mBuilding C object CMakeFiles/tracer_msgs__rosidl_typesupport_c__pyext.dir/rosidl_generator_py/tracer_msgs/_tracer_msgs_s.ep.rosidl_typesupport_c.c.o[0m
[1.792s] [ 96%] [32m[1mLinking C shared library rosidl_generator_py/tracer_msgs/tracer_msgs_s__rosidl_typesupport_fastrtps_c.cpython-310-x86_64-linux-gnu.so[0m
[1.793s] [100%] [32m[1mLinking C shared library rosidl_generator_py/tracer_msgs/tracer_msgs_s__rosidl_typesupport_c.cpython-310-x86_64-linux-gnu.so[0m
[1.793s] [100%] [32m[1mLinking C shared library rosidl_generator_py/tracer_msgs/tracer_msgs_s__rosidl_typesupport_introspection_c.cpython-310-x86_64-linux-gnu.so[0m
[1.809s] [100%] Built target tracer_msgs__rosidl_typesupport_fastrtps_c__pyext
[1.809s] [100%] Built target tracer_msgs__rosidl_typesupport_introspection_c__pyext
[1.809s] [100%] Built target tracer_msgs__rosidl_typesupport_c__pyext
[1.815s] Invoked command in '/home/jacky/movecar_ws/build/tracer_msgs' returned '0': CMAKE_PREFIX_PATH=/opt/ros/humble /usr/bin/cmake --build /home/jacky/movecar_ws/build/tracer_msgs -- -j32 -l32
[1.820s] Invoking command in '/home/jacky/movecar_ws/build/tracer_msgs': CMAKE_PREFIX_PATH=/opt/ros/humble /usr/bin/cmake --install /home/jacky/movecar_ws/build/tracer_msgs
[1.823s] -- Install configuration: ""
[1.823s] -- Installing: /home/jacky/movecar_ws/install/tracer_msgs/share/ament_index/resource_index/rosidl_interfaces/tracer_msgs
[1.823s] -- Installing: /home/jacky/movecar_ws/install/tracer_msgs/include/tracer_msgs/tracer_msgs
[1.823s] -- Installing: /home/jacky/movecar_ws/install/tracer_msgs/include/tracer_msgs/tracer_msgs/msg
[1.823s] -- Installing: /home/jacky/movecar_ws/install/tracer_msgs/include/tracer_msgs/tracer_msgs/msg/rosidl_generator_c__visibility_control.h
[1.823s] -- Installing: /home/jacky/movecar_ws/install/tracer_msgs/include/tracer_msgs/tracer_msgs/msg/tracer_status.h
[1.823s] -- Installing: /home/jacky/movecar_ws/install/tracer_msgs/include/tracer_msgs/tracer_msgs/msg/tracer_rc_state.h
[1.823s] -- Installing: /home/jacky/movecar_ws/install/tracer_msgs/include/tracer_msgs/tracer_msgs/msg/tracer_actuator_state.h
[1.823s] -- Installing: /home/jacky/movecar_ws/install/tracer_msgs/include/tracer_msgs/tracer_msgs/msg/tracer_light_state.h
[1.823s] -- Installing: /home/jacky/movecar_ws/install/tracer_msgs/include/tracer_msgs/tracer_msgs/msg/detail
[1.824s] -- Installing: /home/jacky/movecar_ws/install/tracer_msgs/include/tracer_msgs/tracer_msgs/msg/detail/tracer_status__functions.c
[1.824s] -- Installing: /home/jacky/movecar_ws/install/tracer_msgs/include/tracer_msgs/tracer_msgs/msg/detail/tracer_light_cmd__functions.c
[1.824s] -- Installing: /home/jacky/movecar_ws/install/tracer_msgs/include/tracer_msgs/tracer_msgs/msg/detail/tracer_status__functions.h
[1.824s] -- Installing: /home/jacky/movecar_ws/install/tracer_msgs/include/tracer_msgs/tracer_msgs/msg/detail/tracer_light_state__functions.c
[1.824s] -- Installing: /home/jacky/movecar_ws/install/tracer_msgs/include/tracer_msgs/tracer_msgs/msg/detail/tracer_light_state__type_support.h
[1.824s] -- Installing: /home/jacky/movecar_ws/install/tracer_msgs/include/tracer_msgs/tracer_msgs/msg/detail/tracer_actuator_state__type_support.h
[1.824s] -- Installing: /home/jacky/movecar_ws/install/tracer_msgs/include/tracer_msgs/tracer_msgs/msg/detail/tracer_light_state__functions.h
[1.824s] -- Installing: /home/jacky/movecar_ws/install/tracer_msgs/include/tracer_msgs/tracer_msgs/msg/detail/tracer_actuator_state__functions.c
[1.824s] -- Installing: /home/jacky/movecar_ws/install/tracer_msgs/include/tracer_msgs/tracer_msgs/msg/detail/tracer_actuator_state__functions.h
[1.824s] -- Installing: /home/jacky/movecar_ws/install/tracer_msgs/include/tracer_msgs/tracer_msgs/msg/detail/tracer_actuator_state__struct.h
[1.824s] -- Installing: /home/jacky/movecar_ws/install/tracer_msgs/include/tracer_msgs/tracer_msgs/msg/detail/tracer_light_state__struct.h
[1.824s] -- Installing: /home/jacky/movecar_ws/install/tracer_msgs/include/tracer_msgs/tracer_msgs/msg/detail/tracer_status__type_support.h
[1.824s] -- Installing: /home/jacky/movecar_ws/install/tracer_msgs/include/tracer_msgs/tracer_msgs/msg/detail/tracer_light_cmd__type_support.h
[1.824s] -- Installing: /home/jacky/movecar_ws/install/tracer_msgs/include/tracer_msgs/tracer_msgs/msg/detail/tracer_rc_state__functions.c
[1.824s] -- Installing: /home/jacky/movecar_ws/install/tracer_msgs/include/tracer_msgs/tracer_msgs/msg/detail/tracer_light_cmd__functions.h
[1.824s] -- Installing: /home/jacky/movecar_ws/install/tracer_msgs/include/tracer_msgs/tracer_msgs/msg/detail/tracer_rc_state__functions.h
[1.824s] -- Installing: /home/jacky/movecar_ws/install/tracer_msgs/include/tracer_msgs/tracer_msgs/msg/detail/tracer_status__struct.h
[1.824s] -- Installing: /home/jacky/movecar_ws/install/tracer_msgs/include/tracer_msgs/tracer_msgs/msg/detail/tracer_rc_state__type_support.h
[1.824s] -- Installing: /home/jacky/movecar_ws/install/tracer_msgs/include/tracer_msgs/tracer_msgs/msg/detail/tracer_rc_state__struct.h
[1.824s] -- Installing: /home/jacky/movecar_ws/install/tracer_msgs/include/tracer_msgs/tracer_msgs/msg/detail/tracer_light_cmd__struct.h
[1.824s] -- Installing: /home/jacky/movecar_ws/install/tracer_msgs/include/tracer_msgs/tracer_msgs/msg/tracer_light_cmd.h
[1.824s] -- Installing: /home/jacky/movecar_ws/install/tracer_msgs/share/tracer_msgs/environment/library_path.sh
[1.824s] -- Installing: /home/jacky/movecar_ws/install/tracer_msgs/share/tracer_msgs/environment/library_path.dsv
[1.824s] -- Installing: /home/jacky/movecar_ws/install/tracer_msgs/lib/libtracer_msgs__rosidl_generator_c.so
[1.824s] -- Set runtime path of "/home/jacky/movecar_ws/install/tracer_msgs/lib/libtracer_msgs__rosidl_generator_c.so" to ""
[1.824s] -- Up-to-date: /home/jacky/movecar_ws/install/tracer_msgs/include/tracer_msgs/tracer_msgs
[1.824s] -- Up-to-date: /home/jacky/movecar_ws/install/tracer_msgs/include/tracer_msgs/tracer_msgs/msg
[1.824s] -- Installing: /home/jacky/movecar_ws/install/tracer_msgs/include/tracer_msgs/tracer_msgs/msg/rosidl_typesupport_fastrtps_c__visibility_control.h
[1.824s] -- Up-to-date: /home/jacky/movecar_ws/install/tracer_msgs/include/tracer_msgs/tracer_msgs/msg/detail
[1.824s] -- Installing: /home/jacky/movecar_ws/install/tracer_msgs/include/tracer_msgs/tracer_msgs/msg/detail/tracer_rc_state__rosidl_typesupport_fastrtps_c.h
[1.824s] -- Installing: /home/jacky/movecar_ws/install/tracer_msgs/include/tracer_msgs/tracer_msgs/msg/detail/tracer_actuator_state__rosidl_typesupport_fastrtps_c.h
[1.824s] -- Installing: /home/jacky/movecar_ws/install/tracer_msgs/include/tracer_msgs/tracer_msgs/msg/detail/tracer_light_state__rosidl_typesupport_fastrtps_c.h
[1.824s] -- Installing: /home/jacky/movecar_ws/install/tracer_msgs/include/tracer_msgs/tracer_msgs/msg/detail/tracer_light_cmd__rosidl_typesupport_fastrtps_c.h
[1.824s] -- Installing: /home/jacky/movecar_ws/install/tracer_msgs/include/tracer_msgs/tracer_msgs/msg/detail/tracer_status__rosidl_typesupport_fastrtps_c.h
[1.824s] -- Installing: /home/jacky/movecar_ws/install/tracer_msgs/lib/libtracer_msgs__rosidl_typesupport_fastrtps_c.so
[1.824s] -- Set runtime path of "/home/jacky/movecar_ws/install/tracer_msgs/lib/libtracer_msgs__rosidl_typesupport_fastrtps_c.so" to ""
[1.824s] -- Up-to-date: /home/jacky/movecar_ws/install/tracer_msgs/include/tracer_msgs/tracer_msgs
[1.824s] -- Up-to-date: /home/jacky/movecar_ws/install/tracer_msgs/include/tracer_msgs/tracer_msgs/msg
[1.824s] -- Installing: /home/jacky/movecar_ws/install/tracer_msgs/include/tracer_msgs/tracer_msgs/msg/rosidl_generator_cpp__visibility_control.hpp
[1.824s] -- Installing: /home/jacky/movecar_ws/install/tracer_msgs/include/tracer_msgs/tracer_msgs/msg/tracer_rc_state.hpp
[1.824s] -- Installing: /home/jacky/movecar_ws/install/tracer_msgs/include/tracer_msgs/tracer_msgs/msg/tracer_light_state.hpp
[1.824s] -- Installing: /home/jacky/movecar_ws/install/tracer_msgs/include/tracer_msgs/tracer_msgs/msg/tracer_light_cmd.hpp
[1.824s] -- Installing: /home/jacky/movecar_ws/install/tracer_msgs/include/tracer_msgs/tracer_msgs/msg/tracer_actuator_state.hpp
[1.824s] -- Up-to-date: /home/jacky/movecar_ws/install/tracer_msgs/include/tracer_msgs/tracer_msgs/msg/detail
[1.824s] -- Installing: /home/jacky/movecar_ws/install/tracer_msgs/include/tracer_msgs/tracer_msgs/msg/detail/tracer_actuator_state__struct.hpp
[1.824s] -- Installing: /home/jacky/movecar_ws/install/tracer_msgs/include/tracer_msgs/tracer_msgs/msg/detail/tracer_actuator_state__builder.hpp
[1.824s] -- Installing: /home/jacky/movecar_ws/install/tracer_msgs/include/tracer_msgs/tracer_msgs/msg/detail/tracer_actuator_state__type_support.hpp
[1.824s] -- Installing: /home/jacky/movecar_ws/install/tracer_msgs/include/tracer_msgs/tracer_msgs/msg/detail/tracer_light_cmd__type_support.hpp
[1.824s] -- Installing: /home/jacky/movecar_ws/install/tracer_msgs/include/tracer_msgs/tracer_msgs/msg/detail/tracer_light_cmd__builder.hpp
[1.824s] -- Installing: /home/jacky/movecar_ws/install/tracer_msgs/include/tracer_msgs/tracer_msgs/msg/detail/tracer_light_state__type_support.hpp
[1.825s] -- Installing: /home/jacky/movecar_ws/install/tracer_msgs/include/tracer_msgs/tracer_msgs/msg/detail/tracer_status__traits.hpp
[1.825s] -- Installing: /home/jacky/movecar_ws/install/tracer_msgs/include/tracer_msgs/tracer_msgs/msg/detail/tracer_light_cmd__traits.hpp
[1.825s] -- Installing: /home/jacky/movecar_ws/install/tracer_msgs/include/tracer_msgs/tracer_msgs/msg/detail/tracer_light_cmd__struct.hpp
[1.825s] -- Installing: /home/jacky/movecar_ws/install/tracer_msgs/include/tracer_msgs/tracer_msgs/msg/detail/tracer_status__struct.hpp
[1.825s] -- Installing: /home/jacky/movecar_ws/install/tracer_msgs/include/tracer_msgs/tracer_msgs/msg/detail/tracer_actuator_state__traits.hpp
[1.825s] -- Installing: /home/jacky/movecar_ws/install/tracer_msgs/include/tracer_msgs/tracer_msgs/msg/detail/tracer_light_state__builder.hpp
[1.825s] -- Installing: /home/jacky/movecar_ws/install/tracer_msgs/include/tracer_msgs/tracer_msgs/msg/detail/tracer_light_state__struct.hpp
[1.825s] -- Installing: /home/jacky/movecar_ws/install/tracer_msgs/include/tracer_msgs/tracer_msgs/msg/detail/tracer_status__builder.hpp
[1.825s] -- Installing: /home/jacky/movecar_ws/install/tracer_msgs/include/tracer_msgs/tracer_msgs/msg/detail/tracer_rc_state__type_support.hpp
[1.825s] -- Installing: /home/jacky/movecar_ws/install/tracer_msgs/include/tracer_msgs/tracer_msgs/msg/detail/tracer_rc_state__builder.hpp
[1.825s] -- Installing: /home/jacky/movecar_ws/install/tracer_msgs/include/tracer_msgs/tracer_msgs/msg/detail/tracer_status__type_support.hpp
[1.825s] -- Installing: /home/jacky/movecar_ws/install/tracer_msgs/include/tracer_msgs/tracer_msgs/msg/detail/tracer_rc_state__traits.hpp
[1.825s] -- Installing: /home/jacky/movecar_ws/install/tracer_msgs/include/tracer_msgs/tracer_msgs/msg/detail/tracer_rc_state__struct.hpp
[1.825s] -- Installing: /home/jacky/movecar_ws/install/tracer_msgs/include/tracer_msgs/tracer_msgs/msg/detail/tracer_light_state__traits.hpp
[1.825s] -- Installing: /home/jacky/movecar_ws/install/tracer_msgs/include/tracer_msgs/tracer_msgs/msg/tracer_status.hpp
[1.825s] -- Up-to-date: /home/jacky/movecar_ws/install/tracer_msgs/include/tracer_msgs/tracer_msgs
[1.825s] -- Up-to-date: /home/jacky/movecar_ws/install/tracer_msgs/include/tracer_msgs/tracer_msgs/msg
[1.825s] -- Installing: /home/jacky/movecar_ws/install/tracer_msgs/include/tracer_msgs/tracer_msgs/msg/rosidl_typesupport_fastrtps_cpp__visibility_control.h
[1.825s] -- Up-to-date: /home/jacky/movecar_ws/install/tracer_msgs/include/tracer_msgs/tracer_msgs/msg/detail
[1.825s] -- Installing: /home/jacky/movecar_ws/install/tracer_msgs/include/tracer_msgs/tracer_msgs/msg/detail/tracer_light_state__rosidl_typesupport_fastrtps_cpp.hpp
[1.825s] -- Installing: /home/jacky/movecar_ws/install/tracer_msgs/include/tracer_msgs/tracer_msgs/msg/detail/tracer_status__rosidl_typesupport_fastrtps_cpp.hpp
[1.825s] -- Installing: /home/jacky/movecar_ws/install/tracer_msgs/include/tracer_msgs/tracer_msgs/msg/detail/dds_fastrtps
[1.825s] -- Installing: /home/jacky/movecar_ws/install/tracer_msgs/include/tracer_msgs/tracer_msgs/msg/detail/tracer_rc_state__rosidl_typesupport_fastrtps_cpp.hpp
[1.825s] -- Installing: /home/jacky/movecar_ws/install/tracer_msgs/include/tracer_msgs/tracer_msgs/msg/detail/tracer_actuator_state__rosidl_typesupport_fastrtps_cpp.hpp
[1.825s] -- Installing: /home/jacky/movecar_ws/install/tracer_msgs/include/tracer_msgs/tracer_msgs/msg/detail/tracer_light_cmd__rosidl_typesupport_fastrtps_cpp.hpp
[1.825s] -- Installing: /home/jacky/movecar_ws/install/tracer_msgs/lib/libtracer_msgs__rosidl_typesupport_fastrtps_cpp.so
[1.825s] -- Set runtime path of "/home/jacky/movecar_ws/install/tracer_msgs/lib/libtracer_msgs__rosidl_typesupport_fastrtps_cpp.so" to ""
[1.825s] -- Up-to-date: /home/jacky/movecar_ws/install/tracer_msgs/include/tracer_msgs/tracer_msgs
[1.825s] -- Up-to-date: /home/jacky/movecar_ws/install/tracer_msgs/include/tracer_msgs/tracer_msgs/msg
[1.825s] -- Installing: /home/jacky/movecar_ws/install/tracer_msgs/include/tracer_msgs/tracer_msgs/msg/rosidl_typesupport_introspection_c__visibility_control.h
[1.825s] -- Up-to-date: /home/jacky/movecar_ws/install/tracer_msgs/include/tracer_msgs/tracer_msgs/msg/detail
[1.825s] -- Installing: /home/jacky/movecar_ws/install/tracer_msgs/include/tracer_msgs/tracer_msgs/msg/detail/tracer_light_cmd__type_support.c
[1.825s] -- Installing: /home/jacky/movecar_ws/install/tracer_msgs/include/tracer_msgs/tracer_msgs/msg/detail/tracer_status__type_support.c
[1.825s] -- Installing: /home/jacky/movecar_ws/install/tracer_msgs/include/tracer_msgs/tracer_msgs/msg/detail/tracer_light_cmd__rosidl_typesupport_introspection_c.h
[1.825s] -- Installing: /home/jacky/movecar_ws/install/tracer_msgs/include/tracer_msgs/tracer_msgs/msg/detail/tracer_status__rosidl_typesupport_introspection_c.h
[1.825s] -- Installing: /home/jacky/movecar_ws/install/tracer_msgs/include/tracer_msgs/tracer_msgs/msg/detail/tracer_light_state__type_support.c
[1.825s] -- Installing: /home/jacky/movecar_ws/install/tracer_msgs/include/tracer_msgs/tracer_msgs/msg/detail/tracer_light_state__rosidl_typesupport_introspection_c.h
[1.825s] -- Installing: /home/jacky/movecar_ws/install/tracer_msgs/include/tracer_msgs/tracer_msgs/msg/detail/tracer_actuator_state__type_support.c
[1.825s] -- Installing: /home/jacky/movecar_ws/install/tracer_msgs/include/tracer_msgs/tracer_msgs/msg/detail/tracer_rc_state__type_support.c
[1.825s] -- Installing: /home/jacky/movecar_ws/install/tracer_msgs/include/tracer_msgs/tracer_msgs/msg/detail/tracer_rc_state__rosidl_typesupport_introspection_c.h
[1.825s] -- Installing: /home/jacky/movecar_ws/install/tracer_msgs/include/tracer_msgs/tracer_msgs/msg/detail/tracer_actuator_state__rosidl_typesupport_introspection_c.h
[1.826s] -- Installing: /home/jacky/movecar_ws/install/tracer_msgs/lib/libtracer_msgs__rosidl_typesupport_introspection_c.so
[1.826s] -- Set runtime path of "/home/jacky/movecar_ws/install/tracer_msgs/lib/libtracer_msgs__rosidl_typesupport_introspection_c.so" to ""
[1.826s] -- Installing: /home/jacky/movecar_ws/install/tracer_msgs/lib/libtracer_msgs__rosidl_typesupport_c.so
[1.826s] -- Set runtime path of "/home/jacky/movecar_ws/install/tracer_msgs/lib/libtracer_msgs__rosidl_typesupport_c.so" to ""
[1.826s] -- Up-to-date: /home/jacky/movecar_ws/install/tracer_msgs/include/tracer_msgs/tracer_msgs
[1.826s] -- Up-to-date: /home/jacky/movecar_ws/install/tracer_msgs/include/tracer_msgs/tracer_msgs/msg
[1.826s] -- Up-to-date: /home/jacky/movecar_ws/install/tracer_msgs/include/tracer_msgs/tracer_msgs/msg/detail
[1.826s] -- Installing: /home/jacky/movecar_ws/install/tracer_msgs/include/tracer_msgs/tracer_msgs/msg/detail/tracer_status__type_support.cpp
[1.826s] -- Installing: /home/jacky/movecar_ws/install/tracer_msgs/include/tracer_msgs/tracer_msgs/msg/detail/tracer_light_cmd__type_support.cpp
[1.826s] -- Installing: /home/jacky/movecar_ws/install/tracer_msgs/include/tracer_msgs/tracer_msgs/msg/detail/tracer_light_cmd__rosidl_typesupport_introspection_cpp.hpp
[1.826s] -- Installing: /home/jacky/movecar_ws/install/tracer_msgs/include/tracer_msgs/tracer_msgs/msg/detail/tracer_light_state__type_support.cpp
[1.826s] -- Installing: /home/jacky/movecar_ws/install/tracer_msgs/include/tracer_msgs/tracer_msgs/msg/detail/tracer_actuator_state__type_support.cpp
[1.826s] -- Installing: /home/jacky/movecar_ws/install/tracer_msgs/include/tracer_msgs/tracer_msgs/msg/detail/tracer_status__rosidl_typesupport_introspection_cpp.hpp
[1.826s] -- Installing: /home/jacky/movecar_ws/install/tracer_msgs/include/tracer_msgs/tracer_msgs/msg/detail/tracer_light_state__rosidl_typesupport_introspection_cpp.hpp
[1.826s] -- Installing: /home/jacky/movecar_ws/install/tracer_msgs/include/tracer_msgs/tracer_msgs/msg/detail/tracer_rc_state__rosidl_typesupport_introspection_cpp.hpp
[1.826s] -- Installing: /home/jacky/movecar_ws/install/tracer_msgs/include/tracer_msgs/tracer_msgs/msg/detail/tracer_rc_state__type_support.cpp
[1.826s] -- Installing: /home/jacky/movecar_ws/install/tracer_msgs/include/tracer_msgs/tracer_msgs/msg/detail/tracer_actuator_state__rosidl_typesupport_introspection_cpp.hpp
[1.826s] -- Installing: /home/jacky/movecar_ws/install/tracer_msgs/lib/libtracer_msgs__rosidl_typesupport_introspection_cpp.so
[1.826s] -- Set runtime path of "/home/jacky/movecar_ws/install/tracer_msgs/lib/libtracer_msgs__rosidl_typesupport_introspection_cpp.so" to ""
[1.826s] -- Installing: /home/jacky/movecar_ws/install/tracer_msgs/lib/libtracer_msgs__rosidl_typesupport_cpp.so
[1.826s] -- Set runtime path of "/home/jacky/movecar_ws/install/tracer_msgs/lib/libtracer_msgs__rosidl_typesupport_cpp.so" to ""
[1.826s] -- Installing: /home/jacky/movecar_ws/install/tracer_msgs/share/tracer_msgs/environment/pythonpath.sh
[1.826s] -- Installing: /home/jacky/movecar_ws/install/tracer_msgs/share/tracer_msgs/environment/pythonpath.dsv
[1.826s] -- Installing: /home/jacky/movecar_ws/install/tracer_msgs/local/lib/python3.10/dist-packages/tracer_msgs-0.1.0-py3.10.egg-info
[1.826s] -- Installing: /home/jacky/movecar_ws/install/tracer_msgs/local/lib/python3.10/dist-packages/tracer_msgs-0.1.0-py3.10.egg-info/SOURCES.txt
[1.826s] -- Installing: /home/jacky/movecar_ws/install/tracer_msgs/local/lib/python3.10/dist-packages/tracer_msgs-0.1.0-py3.10.egg-info/PKG-INFO
[1.826s] -- Installing: /home/jacky/movecar_ws/install/tracer_msgs/local/lib/python3.10/dist-packages/tracer_msgs-0.1.0-py3.10.egg-info/dependency_links.txt
[1.826s] -- Installing: /home/jacky/movecar_ws/install/tracer_msgs/local/lib/python3.10/dist-packages/tracer_msgs-0.1.0-py3.10.egg-info/top_level.txt
[1.827s] -- Installing: /home/jacky/movecar_ws/install/tracer_msgs/local/lib/python3.10/dist-packages/tracer_msgs
[1.827s] -- Installing: /home/jacky/movecar_ws/install/tracer_msgs/local/lib/python3.10/dist-packages/tracer_msgs/_tracer_msgs_s.ep.rosidl_typesupport_introspection_c.c
[1.827s] -- Installing: /home/jacky/movecar_ws/install/tracer_msgs/local/lib/python3.10/dist-packages/tracer_msgs/tracer_msgs_s__rosidl_typesupport_c.cpython-310-x86_64-linux-gnu.so
[1.827s] -- Installing: /home/jacky/movecar_ws/install/tracer_msgs/local/lib/python3.10/dist-packages/tracer_msgs/tracer_msgs_s__rosidl_typesupport_introspection_c.cpython-310-x86_64-linux-gnu.so
[1.827s] -- Installing: /home/jacky/movecar_ws/install/tracer_msgs/local/lib/python3.10/dist-packages/tracer_msgs/_tracer_msgs_s.ep.rosidl_typesupport_fastrtps_c.c
[1.827s] -- Installing: /home/jacky/movecar_ws/install/tracer_msgs/local/lib/python3.10/dist-packages/tracer_msgs/libtracer_msgs__rosidl_generator_py.so
[1.827s] -- Installing: /home/jacky/movecar_ws/install/tracer_msgs/local/lib/python3.10/dist-packages/tracer_msgs/_tracer_msgs_s.ep.rosidl_typesupport_c.c
[1.827s] -- Installing: /home/jacky/movecar_ws/install/tracer_msgs/local/lib/python3.10/dist-packages/tracer_msgs/__init__.py
[1.827s] -- Installing: /home/jacky/movecar_ws/install/tracer_msgs/local/lib/python3.10/dist-packages/tracer_msgs/msg
[1.827s] -- Installing: /home/jacky/movecar_ws/install/tracer_msgs/local/lib/python3.10/dist-packages/tracer_msgs/msg/_tracer_light_state.py
[1.827s] -- Installing: /home/jacky/movecar_ws/install/tracer_msgs/local/lib/python3.10/dist-packages/tracer_msgs/msg/_tracer_actuator_state_s.c
[1.827s] -- Installing: /home/jacky/movecar_ws/install/tracer_msgs/local/lib/python3.10/dist-packages/tracer_msgs/msg/_tracer_light_cmd.py
[1.827s] -- Installing: /home/jacky/movecar_ws/install/tracer_msgs/local/lib/python3.10/dist-packages/tracer_msgs/msg/_tracer_light_state_s.c
[1.827s] -- Installing: /home/jacky/movecar_ws/install/tracer_msgs/local/lib/python3.10/dist-packages/tracer_msgs/msg/_tracer_status.py
[1.827s] -- Installing: /home/jacky/movecar_ws/install/tracer_msgs/local/lib/python3.10/dist-packages/tracer_msgs/msg/_tracer_rc_state.py
[1.827s] -- Installing: /home/jacky/movecar_ws/install/tracer_msgs/local/lib/python3.10/dist-packages/tracer_msgs/msg/_tracer_rc_state_s.c
[1.827s] -- Installing: /home/jacky/movecar_ws/install/tracer_msgs/local/lib/python3.10/dist-packages/tracer_msgs/msg/_tracer_status_s.c
[1.827s] -- Installing: /home/jacky/movecar_ws/install/tracer_msgs/local/lib/python3.10/dist-packages/tracer_msgs/msg/_tracer_actuator_state.py
[1.827s] -- Installing: /home/jacky/movecar_ws/install/tracer_msgs/local/lib/python3.10/dist-packages/tracer_msgs/msg/__init__.py
[1.827s] -- Installing: /home/jacky/movecar_ws/install/tracer_msgs/local/lib/python3.10/dist-packages/tracer_msgs/msg/_tracer_light_cmd_s.c
[1.827s] -- Installing: /home/jacky/movecar_ws/install/tracer_msgs/local/lib/python3.10/dist-packages/tracer_msgs/tracer_msgs_s__rosidl_typesupport_fastrtps_c.cpython-310-x86_64-linux-gnu.so
[1.845s] Listing '/home/jacky/movecar_ws/install/tracer_msgs/local/lib/python3.10/dist-packages/tracer_msgs'...
[1.845s] Compiling '/home/jacky/movecar_ws/install/tracer_msgs/local/lib/python3.10/dist-packages/tracer_msgs/__init__.py'...
[1.846s] Listing '/home/jacky/movecar_ws/install/tracer_msgs/local/lib/python3.10/dist-packages/tracer_msgs/msg'...
[1.846s] Compiling '/home/jacky/movecar_ws/install/tracer_msgs/local/lib/python3.10/dist-packages/tracer_msgs/msg/__init__.py'...
[1.846s] Compiling '/home/jacky/movecar_ws/install/tracer_msgs/local/lib/python3.10/dist-packages/tracer_msgs/msg/_tracer_actuator_state.py'...
[1.846s] Compiling '/home/jacky/movecar_ws/install/tracer_msgs/local/lib/python3.10/dist-packages/tracer_msgs/msg/_tracer_light_cmd.py'...
[1.846s] Compiling '/home/jacky/movecar_ws/install/tracer_msgs/local/lib/python3.10/dist-packages/tracer_msgs/msg/_tracer_light_state.py'...
[1.846s] Compiling '/home/jacky/movecar_ws/install/tracer_msgs/local/lib/python3.10/dist-packages/tracer_msgs/msg/_tracer_rc_state.py'...
[1.846s] Compiling '/home/jacky/movecar_ws/install/tracer_msgs/local/lib/python3.10/dist-packages/tracer_msgs/msg/_tracer_status.py'...
[1.848s] -- Installing: /home/jacky/movecar_ws/install/tracer_msgs/local/lib/python3.10/dist-packages/tracer_msgs/tracer_msgs_s__rosidl_typesupport_fastrtps_c.cpython-310-x86_64-linux-gnu.so
[1.848s] -- Set runtime path of "/home/jacky/movecar_ws/install/tracer_msgs/local/lib/python3.10/dist-packages/tracer_msgs/tracer_msgs_s__rosidl_typesupport_fastrtps_c.cpython-310-x86_64-linux-gnu.so" to ""
[1.848s] -- Installing: /home/jacky/movecar_ws/install/tracer_msgs/local/lib/python3.10/dist-packages/tracer_msgs/tracer_msgs_s__rosidl_typesupport_introspection_c.cpython-310-x86_64-linux-gnu.so
[1.848s] -- Set runtime path of "/home/jacky/movecar_ws/install/tracer_msgs/local/lib/python3.10/dist-packages/tracer_msgs/tracer_msgs_s__rosidl_typesupport_introspection_c.cpython-310-x86_64-linux-gnu.so" to ""
[1.848s] -- Installing: /home/jacky/movecar_ws/install/tracer_msgs/local/lib/python3.10/dist-packages/tracer_msgs/tracer_msgs_s__rosidl_typesupport_c.cpython-310-x86_64-linux-gnu.so
[1.848s] -- Set runtime path of "/home/jacky/movecar_ws/install/tracer_msgs/local/lib/python3.10/dist-packages/tracer_msgs/tracer_msgs_s__rosidl_typesupport_c.cpython-310-x86_64-linux-gnu.so" to ""
[1.848s] -- Installing: /home/jacky/movecar_ws/install/tracer_msgs/lib/libtracer_msgs__rosidl_generator_py.so
[1.848s] -- Set runtime path of "/home/jacky/movecar_ws/install/tracer_msgs/lib/libtracer_msgs__rosidl_generator_py.so" to ""
[1.848s] -- Installing: /home/jacky/movecar_ws/install/tracer_msgs/share/tracer_msgs/msg/TracerActuatorState.idl
[1.848s] -- Installing: /home/jacky/movecar_ws/install/tracer_msgs/share/tracer_msgs/msg/TracerLightCmd.idl
[1.848s] -- Installing: /home/jacky/movecar_ws/install/tracer_msgs/share/tracer_msgs/msg/TracerLightState.idl
[1.849s] -- Installing: /home/jacky/movecar_ws/install/tracer_msgs/share/tracer_msgs/msg/TracerRCState.idl
[1.849s] -- Installing: /home/jacky/movecar_ws/install/tracer_msgs/share/tracer_msgs/msg/TracerStatus.idl
[1.849s] -- Installing: /home/jacky/movecar_ws/install/tracer_msgs/share/tracer_msgs/msg/TracerActuatorState.msg
[1.849s] -- Installing: /home/jacky/movecar_ws/install/tracer_msgs/share/tracer_msgs/msg/TracerLightCmd.msg
[1.849s] -- Installing: /home/jacky/movecar_ws/install/tracer_msgs/share/tracer_msgs/msg/TracerLightState.msg
[1.849s] -- Installing: /home/jacky/movecar_ws/install/tracer_msgs/share/tracer_msgs/msg/TracerRCState.msg
[1.849s] -- Installing: /home/jacky/movecar_ws/install/tracer_msgs/share/tracer_msgs/msg/TracerStatus.msg
[1.849s] -- Installing: /home/jacky/movecar_ws/install/tracer_msgs/share/ament_index/resource_index/package_run_dependencies/tracer_msgs
[1.849s] -- Installing: /home/jacky/movecar_ws/install/tracer_msgs/share/ament_index/resource_index/parent_prefix_path/tracer_msgs
[1.849s] -- Installing: /home/jacky/movecar_ws/install/tracer_msgs/share/tracer_msgs/environment/ament_prefix_path.sh
[1.849s] -- Installing: /home/jacky/movecar_ws/install/tracer_msgs/share/tracer_msgs/environment/ament_prefix_path.dsv
[1.849s] -- Installing: /home/jacky/movecar_ws/install/tracer_msgs/share/tracer_msgs/environment/path.sh
[1.849s] -- Installing: /home/jacky/movecar_ws/install/tracer_msgs/share/tracer_msgs/environment/path.dsv
[1.849s] -- Installing: /home/jacky/movecar_ws/install/tracer_msgs/share/tracer_msgs/local_setup.bash
[1.849s] -- Installing: /home/jacky/movecar_ws/install/tracer_msgs/share/tracer_msgs/local_setup.sh
[1.849s] -- Installing: /home/jacky/movecar_ws/install/tracer_msgs/share/tracer_msgs/local_setup.zsh
[1.849s] -- Installing: /home/jacky/movecar_ws/install/tracer_msgs/share/tracer_msgs/local_setup.dsv
[1.849s] -- Installing: /home/jacky/movecar_ws/install/tracer_msgs/share/tracer_msgs/package.dsv
[1.849s] -- Installing: /home/jacky/movecar_ws/install/tracer_msgs/share/ament_index/resource_index/packages/tracer_msgs
[1.849s] -- Installing: /home/jacky/movecar_ws/install/tracer_msgs/share/tracer_msgs/cmake/export_tracer_msgs__rosidl_generator_cExport.cmake
[1.849s] -- Installing: /home/jacky/movecar_ws/install/tracer_msgs/share/tracer_msgs/cmake/export_tracer_msgs__rosidl_generator_cExport-noconfig.cmake
[1.849s] -- Installing: /home/jacky/movecar_ws/install/tracer_msgs/share/tracer_msgs/cmake/export_tracer_msgs__rosidl_typesupport_fastrtps_cExport.cmake
[1.849s] -- Installing: /home/jacky/movecar_ws/install/tracer_msgs/share/tracer_msgs/cmake/export_tracer_msgs__rosidl_typesupport_fastrtps_cExport-noconfig.cmake
[1.849s] -- Installing: /home/jacky/movecar_ws/install/tracer_msgs/share/tracer_msgs/cmake/export_tracer_msgs__rosidl_generator_cppExport.cmake
[1.849s] -- Installing: /home/jacky/movecar_ws/install/tracer_msgs/share/tracer_msgs/cmake/export_tracer_msgs__rosidl_typesupport_fastrtps_cppExport.cmake
[1.849s] -- Installing: /home/jacky/movecar_ws/install/tracer_msgs/share/tracer_msgs/cmake/export_tracer_msgs__rosidl_typesupport_fastrtps_cppExport-noconfig.cmake
[1.849s] -- Installing: /home/jacky/movecar_ws/install/tracer_msgs/share/tracer_msgs/cmake/tracer_msgs__rosidl_typesupport_introspection_cExport.cmake
[1.849s] -- Installing: /home/jacky/movecar_ws/install/tracer_msgs/share/tracer_msgs/cmake/tracer_msgs__rosidl_typesupport_introspection_cExport-noconfig.cmake
[1.849s] -- Installing: /home/jacky/movecar_ws/install/tracer_msgs/share/tracer_msgs/cmake/tracer_msgs__rosidl_typesupport_cExport.cmake
[1.849s] -- Installing: /home/jacky/movecar_ws/install/tracer_msgs/share/tracer_msgs/cmake/tracer_msgs__rosidl_typesupport_cExport-noconfig.cmake
[1.849s] -- Installing: /home/jacky/movecar_ws/install/tracer_msgs/share/tracer_msgs/cmake/tracer_msgs__rosidl_typesupport_introspection_cppExport.cmake
[1.849s] -- Installing: /home/jacky/movecar_ws/install/tracer_msgs/share/tracer_msgs/cmake/tracer_msgs__rosidl_typesupport_introspection_cppExport-noconfig.cmake
[1.849s] -- Installing: /home/jacky/movecar_ws/install/tracer_msgs/share/tracer_msgs/cmake/tracer_msgs__rosidl_typesupport_cppExport.cmake
[1.849s] -- Installing: /home/jacky/movecar_ws/install/tracer_msgs/share/tracer_msgs/cmake/tracer_msgs__rosidl_typesupport_cppExport-noconfig.cmake
[1.849s] -- Installing: /home/jacky/movecar_ws/install/tracer_msgs/share/tracer_msgs/cmake/export_tracer_msgs__rosidl_generator_pyExport.cmake
[1.849s] -- Installing: /home/jacky/movecar_ws/install/tracer_msgs/share/tracer_msgs/cmake/export_tracer_msgs__rosidl_generator_pyExport-noconfig.cmake
[1.849s] -- Installing: /home/jacky/movecar_ws/install/tracer_msgs/share/tracer_msgs/cmake/rosidl_cmake-extras.cmake
[1.850s] -- Installing: /home/jacky/movecar_ws/install/tracer_msgs/share/tracer_msgs/cmake/ament_cmake_export_dependencies-extras.cmake
[1.850s] -- Installing: /home/jacky/movecar_ws/install/tracer_msgs/share/tracer_msgs/cmake/ament_cmake_export_include_directories-extras.cmake
[1.850s] -- Installing: /home/jacky/movecar_ws/install/tracer_msgs/share/tracer_msgs/cmake/ament_cmake_export_libraries-extras.cmake
[1.850s] -- Installing: /home/jacky/movecar_ws/install/tracer_msgs/share/tracer_msgs/cmake/ament_cmake_export_targets-extras.cmake
[1.850s] -- Installing: /home/jacky/movecar_ws/install/tracer_msgs/share/tracer_msgs/cmake/rosidl_cmake_export_typesupport_targets-extras.cmake
[1.850s] -- Installing: /home/jacky/movecar_ws/install/tracer_msgs/share/tracer_msgs/cmake/rosidl_cmake_export_typesupport_libraries-extras.cmake
[1.850s] -- Installing: /home/jacky/movecar_ws/install/tracer_msgs/share/tracer_msgs/cmake/tracer_msgsConfig.cmake
[1.850s] -- Installing: /home/jacky/movecar_ws/install/tracer_msgs/share/tracer_msgs/cmake/tracer_msgsConfig-version.cmake
[1.850s] -- Installing: /home/jacky/movecar_ws/install/tracer_msgs/share/tracer_msgs/package.xml
[1.851s] Invoked command in '/home/jacky/movecar_ws/build/tracer_msgs' returned '0': CMAKE_PREFIX_PATH=/opt/ros/humble /usr/bin/cmake --install /home/jacky/movecar_ws/build/tracer_msgs
