[0.049s] DEBUG:colcon:Command line arguments: ['/usr/bin/colcon', 'build']
[0.049s] DEBUG:colcon:Parsed command line arguments: Namespace(log_base=None, log_level=None, verb_name='build', build_base='build', install_base='install', merge_install=False, symlink_install=False, test_result_base=None, continue_on_error=False, executor='parallel', parallel_workers=32, event_handlers=None, ignore_user_meta=False, metas=['./colcon.meta'], base_paths=['.'], packages_ignore=None, packages_ignore_regex=None, paths=None, packages_up_to=None, packages_up_to_regex=None, packages_above=None, packages_above_and_dependencies=None, packages_above_depth=None, packages_select_by_dep=None, packages_skip_by_dep=None, packages_skip_up_to=None, packages_select_build_failed=False, packages_skip_build_finished=False, packages_select_test_failures=False, packages_skip_test_passed=False, packages_select=None, packages_skip=None, packages_select_regex=None, packages_skip_regex=None, packages_start=None, packages_end=None, allow_overriding=[], cmake_args=None, cmake_target=None, cmake_target_skip_unavailable=False, cmake_clean_cache=False, cmake_clean_first=False, cmake_force_configure=False, ament_cmake_args=None, catkin_cmake_args=None, catkin_skip_building_tests=False, verb_parser=<colcon_defaults.argument_parser.defaults.DefaultArgumentsDecorator object at 0x749010323e80>, verb_extension=<colcon_core.verb.build.BuildVerb object at 0x7490103239d0>, main=<bound method BuildVerb.main of <colcon_core.verb.build.BuildVerb object at 0x7490103239d0>>)
[0.120s] Level 1:colcon.colcon_core.package_discovery:discover_packages(colcon_meta) check parameters
[0.120s] Level 1:colcon.colcon_core.package_discovery:discover_packages(recursive) check parameters
[0.120s] Level 1:colcon.colcon_core.package_discovery:discover_packages(ignore) check parameters
[0.120s] Level 1:colcon.colcon_core.package_discovery:discover_packages(path) check parameters
[0.120s] Level 1:colcon.colcon_core.package_discovery:discover_packages(colcon_meta) discover
[0.120s] Level 1:colcon.colcon_core.package_discovery:discover_packages(recursive) discover
[0.120s] INFO:colcon.colcon_core.package_discovery:Crawling recursively for packages in '/home/jacky/movecar_ws'
[0.120s] Level 1:colcon.colcon_core.package_identification:_identify(.) by extensions ['ignore', 'ignore_ament_install']
[0.120s] Level 1:colcon.colcon_core.package_identification:_identify(.) by extension 'ignore'
[0.120s] Level 1:colcon.colcon_core.package_identification:_identify(.) by extension 'ignore_ament_install'
[0.120s] Level 1:colcon.colcon_core.package_identification:_identify(.) by extensions ['colcon_pkg']
[0.120s] Level 1:colcon.colcon_core.package_identification:_identify(.) by extension 'colcon_pkg'
[0.120s] Level 1:colcon.colcon_core.package_identification:_identify(.) by extensions ['colcon_meta']
[0.120s] Level 1:colcon.colcon_core.package_identification:_identify(.) by extension 'colcon_meta'
[0.120s] Level 1:colcon.colcon_core.package_identification:_identify(.) by extensions ['ros']
[0.120s] Level 1:colcon.colcon_core.package_identification:_identify(.) by extension 'ros'
[0.126s] Level 1:colcon.colcon_core.package_identification:_identify(.) by extensions ['cmake', 'python']
[0.126s] Level 1:colcon.colcon_core.package_identification:_identify(.) by extension 'cmake'
[0.126s] Level 1:colcon.colcon_core.package_identification:_identify(.) by extension 'python'
[0.126s] Level 1:colcon.colcon_core.package_identification:_identify(.) by extensions ['python_setup_py']
[0.126s] Level 1:colcon.colcon_core.package_identification:_identify(.) by extension 'python_setup_py'
[0.126s] Level 1:colcon.colcon_core.package_identification:_identify(build) by extensions ['ignore', 'ignore_ament_install']
[0.126s] Level 1:colcon.colcon_core.package_identification:_identify(build) by extension 'ignore'
[0.126s] Level 1:colcon.colcon_core.package_identification:_identify(build) ignored
[0.126s] Level 1:colcon.colcon_core.package_identification:_identify(install) by extensions ['ignore', 'ignore_ament_install']
[0.126s] Level 1:colcon.colcon_core.package_identification:_identify(install) by extension 'ignore'
[0.126s] Level 1:colcon.colcon_core.package_identification:_identify(install) ignored
[0.126s] Level 1:colcon.colcon_core.package_identification:_identify(log) by extensions ['ignore', 'ignore_ament_install']
[0.126s] Level 1:colcon.colcon_core.package_identification:_identify(log) by extension 'ignore'
[0.126s] Level 1:colcon.colcon_core.package_identification:_identify(log) ignored
[0.126s] Level 1:colcon.colcon_core.package_identification:_identify(src) by extensions ['ignore', 'ignore_ament_install']
[0.126s] Level 1:colcon.colcon_core.package_identification:_identify(src) by extension 'ignore'
[0.126s] Level 1:colcon.colcon_core.package_identification:_identify(src) by extension 'ignore_ament_install'
[0.126s] Level 1:colcon.colcon_core.package_identification:_identify(src) by extensions ['colcon_pkg']
[0.126s] Level 1:colcon.colcon_core.package_identification:_identify(src) by extension 'colcon_pkg'
[0.126s] Level 1:colcon.colcon_core.package_identification:_identify(src) by extensions ['colcon_meta']
[0.126s] Level 1:colcon.colcon_core.package_identification:_identify(src) by extension 'colcon_meta'
[0.126s] Level 1:colcon.colcon_core.package_identification:_identify(src) by extensions ['ros']
[0.126s] Level 1:colcon.colcon_core.package_identification:_identify(src) by extension 'ros'
[0.126s] Level 1:colcon.colcon_core.package_identification:_identify(src) by extensions ['cmake', 'python']
[0.126s] Level 1:colcon.colcon_core.package_identification:_identify(src) by extension 'cmake'
[0.126s] Level 1:colcon.colcon_core.package_identification:_identify(src) by extension 'python'
[0.126s] Level 1:colcon.colcon_core.package_identification:_identify(src) by extensions ['python_setup_py']
[0.126s] Level 1:colcon.colcon_core.package_identification:_identify(src) by extension 'python_setup_py'
[0.126s] Level 1:colcon.colcon_core.package_identification:_identify(src/tracer_ros2-humble) by extensions ['ignore', 'ignore_ament_install']
[0.126s] Level 1:colcon.colcon_core.package_identification:_identify(src/tracer_ros2-humble) by extension 'ignore'
[0.126s] Level 1:colcon.colcon_core.package_identification:_identify(src/tracer_ros2-humble) by extension 'ignore_ament_install'
[0.126s] Level 1:colcon.colcon_core.package_identification:_identify(src/tracer_ros2-humble) by extensions ['colcon_pkg']
[0.126s] Level 1:colcon.colcon_core.package_identification:_identify(src/tracer_ros2-humble) by extension 'colcon_pkg'
[0.126s] Level 1:colcon.colcon_core.package_identification:_identify(src/tracer_ros2-humble) by extensions ['colcon_meta']
[0.126s] Level 1:colcon.colcon_core.package_identification:_identify(src/tracer_ros2-humble) by extension 'colcon_meta'
[0.126s] Level 1:colcon.colcon_core.package_identification:_identify(src/tracer_ros2-humble) by extensions ['ros']
[0.126s] Level 1:colcon.colcon_core.package_identification:_identify(src/tracer_ros2-humble) by extension 'ros'
[0.126s] Level 1:colcon.colcon_core.package_identification:_identify(src/tracer_ros2-humble) by extensions ['cmake', 'python']
[0.126s] Level 1:colcon.colcon_core.package_identification:_identify(src/tracer_ros2-humble) by extension 'cmake'
[0.126s] Level 1:colcon.colcon_core.package_identification:_identify(src/tracer_ros2-humble) by extension 'python'
[0.126s] Level 1:colcon.colcon_core.package_identification:_identify(src/tracer_ros2-humble) by extensions ['python_setup_py']
[0.126s] Level 1:colcon.colcon_core.package_identification:_identify(src/tracer_ros2-humble) by extension 'python_setup_py'
[0.127s] Level 1:colcon.colcon_core.package_identification:_identify(src/tracer_ros2-humble/tracer_base) by extensions ['ignore', 'ignore_ament_install']
[0.127s] Level 1:colcon.colcon_core.package_identification:_identify(src/tracer_ros2-humble/tracer_base) by extension 'ignore'
[0.127s] Level 1:colcon.colcon_core.package_identification:_identify(src/tracer_ros2-humble/tracer_base) by extension 'ignore_ament_install'
[0.127s] Level 1:colcon.colcon_core.package_identification:_identify(src/tracer_ros2-humble/tracer_base) by extensions ['colcon_pkg']
[0.127s] Level 1:colcon.colcon_core.package_identification:_identify(src/tracer_ros2-humble/tracer_base) by extension 'colcon_pkg'
[0.127s] Level 1:colcon.colcon_core.package_identification:_identify(src/tracer_ros2-humble/tracer_base) by extensions ['colcon_meta']
[0.127s] Level 1:colcon.colcon_core.package_identification:_identify(src/tracer_ros2-humble/tracer_base) by extension 'colcon_meta'
[0.127s] Level 1:colcon.colcon_core.package_identification:_identify(src/tracer_ros2-humble/tracer_base) by extensions ['ros']
[0.127s] Level 1:colcon.colcon_core.package_identification:_identify(src/tracer_ros2-humble/tracer_base) by extension 'ros'
[0.128s] DEBUG:colcon.colcon_core.package_identification:Package 'src/tracer_ros2-humble/tracer_base' with type 'ros.ament_cmake' and name 'tracer_base'
[0.128s] Level 1:colcon.colcon_core.package_identification:_identify(src/tracer_ros2-humble/tracer_msgs) by extensions ['ignore', 'ignore_ament_install']
[0.128s] Level 1:colcon.colcon_core.package_identification:_identify(src/tracer_ros2-humble/tracer_msgs) by extension 'ignore'
[0.128s] Level 1:colcon.colcon_core.package_identification:_identify(src/tracer_ros2-humble/tracer_msgs) by extension 'ignore_ament_install'
[0.128s] Level 1:colcon.colcon_core.package_identification:_identify(src/tracer_ros2-humble/tracer_msgs) by extensions ['colcon_pkg']
[0.128s] Level 1:colcon.colcon_core.package_identification:_identify(src/tracer_ros2-humble/tracer_msgs) by extension 'colcon_pkg'
[0.128s] Level 1:colcon.colcon_core.package_identification:_identify(src/tracer_ros2-humble/tracer_msgs) by extensions ['colcon_meta']
[0.128s] Level 1:colcon.colcon_core.package_identification:_identify(src/tracer_ros2-humble/tracer_msgs) by extension 'colcon_meta'
[0.129s] Level 1:colcon.colcon_core.package_identification:_identify(src/tracer_ros2-humble/tracer_msgs) by extensions ['ros']
[0.129s] Level 1:colcon.colcon_core.package_identification:_identify(src/tracer_ros2-humble/tracer_msgs) by extension 'ros'
[0.129s] DEBUG:colcon.colcon_core.package_identification:Package 'src/tracer_ros2-humble/tracer_msgs' with type 'ros.ament_cmake' and name 'tracer_msgs'
[0.129s] Level 1:colcon.colcon_core.package_identification:_identify(src/ugv_sdk-main) by extensions ['ignore', 'ignore_ament_install']
[0.129s] Level 1:colcon.colcon_core.package_identification:_identify(src/ugv_sdk-main) by extension 'ignore'
[0.129s] Level 1:colcon.colcon_core.package_identification:_identify(src/ugv_sdk-main) by extension 'ignore_ament_install'
[0.129s] Level 1:colcon.colcon_core.package_identification:_identify(src/ugv_sdk-main) by extensions ['colcon_pkg']
[0.129s] Level 1:colcon.colcon_core.package_identification:_identify(src/ugv_sdk-main) by extension 'colcon_pkg'
[0.129s] Level 1:colcon.colcon_core.package_identification:_identify(src/ugv_sdk-main) by extensions ['colcon_meta']
[0.129s] Level 1:colcon.colcon_core.package_identification:_identify(src/ugv_sdk-main) by extension 'colcon_meta'
[0.129s] Level 1:colcon.colcon_core.package_identification:_identify(src/ugv_sdk-main) by extensions ['ros']
[0.129s] Level 1:colcon.colcon_core.package_identification:_identify(src/ugv_sdk-main) by extension 'ros'
[0.129s] DEBUG:colcon.colcon_core.package_identification:Package 'src/ugv_sdk-main' with type 'ros.catkin' and name 'ugv_sdk'
[0.129s] Level 1:colcon.colcon_core.package_discovery:discover_packages(recursive) using defaults
[0.129s] Level 1:colcon.colcon_core.package_discovery:discover_packages(ignore) discover
[0.129s] Level 1:colcon.colcon_core.package_discovery:discover_packages(ignore) using defaults
[0.129s] Level 1:colcon.colcon_core.package_discovery:discover_packages(path) discover
[0.129s] Level 1:colcon.colcon_core.package_discovery:discover_packages(path) using defaults
[0.144s] Level 1:colcon.colcon_core.package_discovery:discover_packages(prefix_path) check parameters
[0.144s] Level 1:colcon.colcon_core.package_discovery:discover_packages(prefix_path) discover
[0.146s] DEBUG:colcon.colcon_installed_package_information.package_discovery:Found 367 installed packages in /opt/ros/humble
[0.147s] Level 1:colcon.colcon_core.package_discovery:discover_packages(prefix_path) using defaults
[0.167s] Level 5:colcon.colcon_core.verb:set package 'tracer_msgs' build argument 'cmake_args' from command line to 'None'
[0.167s] Level 5:colcon.colcon_core.verb:set package 'tracer_msgs' build argument 'cmake_target' from command line to 'None'
[0.167s] Level 5:colcon.colcon_core.verb:set package 'tracer_msgs' build argument 'cmake_target_skip_unavailable' from command line to 'False'
[0.167s] Level 5:colcon.colcon_core.verb:set package 'tracer_msgs' build argument 'cmake_clean_cache' from command line to 'False'
[0.167s] Level 5:colcon.colcon_core.verb:set package 'tracer_msgs' build argument 'cmake_clean_first' from command line to 'False'
[0.167s] Level 5:colcon.colcon_core.verb:set package 'tracer_msgs' build argument 'cmake_force_configure' from command line to 'False'
[0.167s] Level 5:colcon.colcon_core.verb:set package 'tracer_msgs' build argument 'ament_cmake_args' from command line to 'None'
[0.167s] Level 5:colcon.colcon_core.verb:set package 'tracer_msgs' build argument 'catkin_cmake_args' from command line to 'None'
[0.167s] Level 5:colcon.colcon_core.verb:set package 'tracer_msgs' build argument 'catkin_skip_building_tests' from command line to 'False'
[0.167s] DEBUG:colcon.colcon_core.verb:Building package 'tracer_msgs' with the following arguments: {'ament_cmake_args': None, 'build_base': '/home/jacky/movecar_ws/build/tracer_msgs', 'catkin_cmake_args': None, 'catkin_skip_building_tests': False, 'cmake_args': None, 'cmake_clean_cache': False, 'cmake_clean_first': False, 'cmake_force_configure': False, 'cmake_target': None, 'cmake_target_skip_unavailable': False, 'install_base': '/home/jacky/movecar_ws/install/tracer_msgs', 'merge_install': False, 'path': '/home/jacky/movecar_ws/src/tracer_ros2-humble/tracer_msgs', 'symlink_install': False, 'test_result_base': None}
[0.167s] Level 5:colcon.colcon_core.verb:set package 'ugv_sdk' build argument 'cmake_args' from command line to 'None'
[0.167s] Level 5:colcon.colcon_core.verb:set package 'ugv_sdk' build argument 'cmake_target' from command line to 'None'
[0.167s] Level 5:colcon.colcon_core.verb:set package 'ugv_sdk' build argument 'cmake_target_skip_unavailable' from command line to 'False'
[0.167s] Level 5:colcon.colcon_core.verb:set package 'ugv_sdk' build argument 'cmake_clean_cache' from command line to 'False'
[0.167s] Level 5:colcon.colcon_core.verb:set package 'ugv_sdk' build argument 'cmake_clean_first' from command line to 'False'
[0.167s] Level 5:colcon.colcon_core.verb:set package 'ugv_sdk' build argument 'cmake_force_configure' from command line to 'False'
[0.167s] Level 5:colcon.colcon_core.verb:set package 'ugv_sdk' build argument 'ament_cmake_args' from command line to 'None'
[0.167s] Level 5:colcon.colcon_core.verb:set package 'ugv_sdk' build argument 'catkin_cmake_args' from command line to 'None'
[0.167s] Level 5:colcon.colcon_core.verb:set package 'ugv_sdk' build argument 'catkin_skip_building_tests' from command line to 'False'
[0.167s] DEBUG:colcon.colcon_core.verb:Building package 'ugv_sdk' with the following arguments: {'ament_cmake_args': None, 'build_base': '/home/jacky/movecar_ws/build/ugv_sdk', 'catkin_cmake_args': None, 'catkin_skip_building_tests': False, 'cmake_args': None, 'cmake_clean_cache': False, 'cmake_clean_first': False, 'cmake_force_configure': False, 'cmake_target': None, 'cmake_target_skip_unavailable': False, 'install_base': '/home/jacky/movecar_ws/install/ugv_sdk', 'merge_install': False, 'path': '/home/jacky/movecar_ws/src/ugv_sdk-main', 'symlink_install': False, 'test_result_base': None}
[0.167s] Level 5:colcon.colcon_core.verb:set package 'tracer_base' build argument 'cmake_args' from command line to 'None'
[0.167s] Level 5:colcon.colcon_core.verb:set package 'tracer_base' build argument 'cmake_target' from command line to 'None'
[0.167s] Level 5:colcon.colcon_core.verb:set package 'tracer_base' build argument 'cmake_target_skip_unavailable' from command line to 'False'
[0.167s] Level 5:colcon.colcon_core.verb:set package 'tracer_base' build argument 'cmake_clean_cache' from command line to 'False'
[0.167s] Level 5:colcon.colcon_core.verb:set package 'tracer_base' build argument 'cmake_clean_first' from command line to 'False'
[0.167s] Level 5:colcon.colcon_core.verb:set package 'tracer_base' build argument 'cmake_force_configure' from command line to 'False'
[0.167s] Level 5:colcon.colcon_core.verb:set package 'tracer_base' build argument 'ament_cmake_args' from command line to 'None'
[0.167s] Level 5:colcon.colcon_core.verb:set package 'tracer_base' build argument 'catkin_cmake_args' from command line to 'None'
[0.167s] Level 5:colcon.colcon_core.verb:set package 'tracer_base' build argument 'catkin_skip_building_tests' from command line to 'False'
[0.167s] DEBUG:colcon.colcon_core.verb:Building package 'tracer_base' with the following arguments: {'ament_cmake_args': None, 'build_base': '/home/jacky/movecar_ws/build/tracer_base', 'catkin_cmake_args': None, 'catkin_skip_building_tests': False, 'cmake_args': None, 'cmake_clean_cache': False, 'cmake_clean_first': False, 'cmake_force_configure': False, 'cmake_target': None, 'cmake_target_skip_unavailable': False, 'install_base': '/home/jacky/movecar_ws/install/tracer_base', 'merge_install': False, 'path': '/home/jacky/movecar_ws/src/tracer_ros2-humble/tracer_base', 'symlink_install': False, 'test_result_base': None}
[0.167s] INFO:colcon.colcon_core.executor:Executing jobs using 'parallel' executor
[0.168s] DEBUG:colcon.colcon_parallel_executor.executor.parallel:run_until_complete
[0.168s] INFO:colcon.colcon_ros.task.ament_cmake.build:Building ROS package in '/home/jacky/movecar_ws/src/tracer_ros2-humble/tracer_msgs' with build type 'ament_cmake'
[0.168s] INFO:colcon.colcon_cmake.task.cmake.build:Building CMake package in '/home/jacky/movecar_ws/src/tracer_ros2-humble/tracer_msgs'
[0.170s] INFO:colcon.colcon_core.plugin_system:Skipping extension 'colcon_core.shell.bat': Not used on non-Windows systems
[0.170s] INFO:colcon.colcon_core.shell:Skip shell extension 'powershell' for command environment: Not usable outside of PowerShell
[0.170s] DEBUG:colcon.colcon_core.shell:Skip shell extension 'dsv' for command environment
[0.172s] INFO:colcon.colcon_ros.task.catkin.build:Building ROS package in '/home/jacky/movecar_ws/src/ugv_sdk-main' with build type 'catkin'
[0.172s] INFO:colcon.colcon_cmake.task.cmake.build:Building CMake package in '/home/jacky/movecar_ws/src/ugv_sdk-main'
[0.172s] INFO:colcon.colcon_core.shell:Skip shell extension 'powershell' for command environment: Not usable outside of PowerShell
[0.172s] DEBUG:colcon.colcon_core.shell:Skip shell extension 'dsv' for command environment
[0.176s] DEBUG:colcon.colcon_core.event_handler.log_command:Invoking command in '/home/jacky/movecar_ws/build/tracer_msgs': CMAKE_PREFIX_PATH=/opt/ros/humble /usr/bin/cmake --build /home/jacky/movecar_ws/build/tracer_msgs -- -j32 -l32
[0.178s] DEBUG:colcon.colcon_core.event_handler.log_command:Invoking command in '/home/jacky/movecar_ws/build/ugv_sdk': /usr/bin/cmake --build /home/jacky/movecar_ws/build/ugv_sdk -- -j32 -l32
[1.984s] DEBUG:colcon.colcon_core.event_handler.log_command:Invoked command in '/home/jacky/movecar_ws/build/tracer_msgs' returned '0': CMAKE_PREFIX_PATH=/opt/ros/humble /usr/bin/cmake --build /home/jacky/movecar_ws/build/tracer_msgs -- -j32 -l32
[1.989s] DEBUG:colcon.colcon_core.event_handler.log_command:Invoking command in '/home/jacky/movecar_ws/build/tracer_msgs': CMAKE_PREFIX_PATH=/opt/ros/humble /usr/bin/cmake --install /home/jacky/movecar_ws/build/tracer_msgs
[2.020s] Level 1:colcon.colcon_core.environment:create_environment_scripts_only(tracer_msgs)
[2.020s] DEBUG:colcon.colcon_core.event_handler.log_command:Invoked command in '/home/jacky/movecar_ws/build/tracer_msgs' returned '0': CMAKE_PREFIX_PATH=/opt/ros/humble /usr/bin/cmake --install /home/jacky/movecar_ws/build/tracer_msgs
[2.021s] Level 1:colcon.colcon_core.environment:checking '/home/jacky/movecar_ws/install/tracer_msgs' for CMake module files
[2.021s] Level 1:colcon.colcon_core.environment:checking '/home/jacky/movecar_ws/install/tracer_msgs' for CMake config files
[2.021s] Level 1:colcon.colcon_core.shell:create_environment_hook('tracer_msgs', 'cmake_prefix_path')
[2.022s] INFO:colcon.colcon_core.shell:Creating environment hook '/home/jacky/movecar_ws/install/tracer_msgs/share/tracer_msgs/hook/cmake_prefix_path.ps1'
[2.022s] INFO:colcon.colcon_core.shell:Creating environment descriptor '/home/jacky/movecar_ws/install/tracer_msgs/share/tracer_msgs/hook/cmake_prefix_path.dsv'
[2.022s] INFO:colcon.colcon_core.shell:Creating environment hook '/home/jacky/movecar_ws/install/tracer_msgs/share/tracer_msgs/hook/cmake_prefix_path.sh'
[2.022s] Level 1:colcon.colcon_core.environment:checking '/home/jacky/movecar_ws/install/tracer_msgs/lib'
[2.023s] Level 1:colcon.colcon_core.shell:create_environment_hook('tracer_msgs', 'ld_library_path_lib')
[2.023s] INFO:colcon.colcon_core.shell:Creating environment hook '/home/jacky/movecar_ws/install/tracer_msgs/share/tracer_msgs/hook/ld_library_path_lib.ps1'
[2.023s] INFO:colcon.colcon_core.shell:Creating environment descriptor '/home/jacky/movecar_ws/install/tracer_msgs/share/tracer_msgs/hook/ld_library_path_lib.dsv'
[2.023s] INFO:colcon.colcon_core.shell:Creating environment hook '/home/jacky/movecar_ws/install/tracer_msgs/share/tracer_msgs/hook/ld_library_path_lib.sh'
[2.023s] Level 1:colcon.colcon_core.environment:checking '/home/jacky/movecar_ws/install/tracer_msgs/bin'
[2.023s] Level 1:colcon.colcon_core.environment:checking '/home/jacky/movecar_ws/install/tracer_msgs/lib/pkgconfig/tracer_msgs.pc'
[2.023s] Level 1:colcon.colcon_core.environment:checking '/home/jacky/movecar_ws/install/tracer_msgs/lib/python3.10/site-packages'
[2.023s] Level 1:colcon.colcon_core.environment:checking '/home/jacky/movecar_ws/install/tracer_msgs/bin'
[2.023s] INFO:colcon.colcon_core.shell:Creating package script '/home/jacky/movecar_ws/install/tracer_msgs/share/tracer_msgs/package.ps1'
[2.024s] INFO:colcon.colcon_core.shell:Creating package descriptor '/home/jacky/movecar_ws/install/tracer_msgs/share/tracer_msgs/package.dsv'
[2.024s] INFO:colcon.colcon_core.shell:Creating package script '/home/jacky/movecar_ws/install/tracer_msgs/share/tracer_msgs/package.sh'
[2.024s] INFO:colcon.colcon_core.shell:Creating package script '/home/jacky/movecar_ws/install/tracer_msgs/share/tracer_msgs/package.bash'
[2.024s] INFO:colcon.colcon_core.shell:Creating package script '/home/jacky/movecar_ws/install/tracer_msgs/share/tracer_msgs/package.zsh'
[2.025s] Level 1:colcon.colcon_core.environment:create_file_with_runtime_dependencies(/home/jacky/movecar_ws/install/tracer_msgs/share/colcon-core/packages/tracer_msgs)
[2.025s] Level 1:colcon.colcon_core.environment:create_environment_scripts_only(tracer_msgs)
[2.025s] Level 1:colcon.colcon_core.environment:checking '/home/jacky/movecar_ws/install/tracer_msgs' for CMake module files
[2.025s] Level 1:colcon.colcon_core.environment:checking '/home/jacky/movecar_ws/install/tracer_msgs' for CMake config files
[2.025s] Level 1:colcon.colcon_core.shell:create_environment_hook('tracer_msgs', 'cmake_prefix_path')
[2.025s] INFO:colcon.colcon_core.shell:Creating environment hook '/home/jacky/movecar_ws/install/tracer_msgs/share/tracer_msgs/hook/cmake_prefix_path.ps1'
[2.026s] INFO:colcon.colcon_core.shell:Creating environment descriptor '/home/jacky/movecar_ws/install/tracer_msgs/share/tracer_msgs/hook/cmake_prefix_path.dsv'
[2.026s] INFO:colcon.colcon_core.shell:Creating environment hook '/home/jacky/movecar_ws/install/tracer_msgs/share/tracer_msgs/hook/cmake_prefix_path.sh'
[2.026s] Level 1:colcon.colcon_core.environment:checking '/home/jacky/movecar_ws/install/tracer_msgs/lib'
[2.026s] Level 1:colcon.colcon_core.shell:create_environment_hook('tracer_msgs', 'ld_library_path_lib')
[2.026s] INFO:colcon.colcon_core.shell:Creating environment hook '/home/jacky/movecar_ws/install/tracer_msgs/share/tracer_msgs/hook/ld_library_path_lib.ps1'
[2.026s] INFO:colcon.colcon_core.shell:Creating environment descriptor '/home/jacky/movecar_ws/install/tracer_msgs/share/tracer_msgs/hook/ld_library_path_lib.dsv'
[2.026s] INFO:colcon.colcon_core.shell:Creating environment hook '/home/jacky/movecar_ws/install/tracer_msgs/share/tracer_msgs/hook/ld_library_path_lib.sh'
[2.026s] Level 1:colcon.colcon_core.environment:checking '/home/jacky/movecar_ws/install/tracer_msgs/bin'
[2.026s] Level 1:colcon.colcon_core.environment:checking '/home/jacky/movecar_ws/install/tracer_msgs/lib/pkgconfig/tracer_msgs.pc'
[2.026s] Level 1:colcon.colcon_core.environment:checking '/home/jacky/movecar_ws/install/tracer_msgs/lib/python3.10/site-packages'
[2.027s] Level 1:colcon.colcon_core.environment:checking '/home/jacky/movecar_ws/install/tracer_msgs/bin'
[2.027s] INFO:colcon.colcon_core.shell:Creating package script '/home/jacky/movecar_ws/install/tracer_msgs/share/tracer_msgs/package.ps1'
[2.027s] INFO:colcon.colcon_core.shell:Creating package descriptor '/home/jacky/movecar_ws/install/tracer_msgs/share/tracer_msgs/package.dsv'
[2.027s] INFO:colcon.colcon_core.shell:Creating package script '/home/jacky/movecar_ws/install/tracer_msgs/share/tracer_msgs/package.sh'
[2.027s] INFO:colcon.colcon_core.shell:Creating package script '/home/jacky/movecar_ws/install/tracer_msgs/share/tracer_msgs/package.bash'
[2.027s] INFO:colcon.colcon_core.shell:Creating package script '/home/jacky/movecar_ws/install/tracer_msgs/share/tracer_msgs/package.zsh'
[2.027s] Level 1:colcon.colcon_core.environment:create_file_with_runtime_dependencies(/home/jacky/movecar_ws/install/tracer_msgs/share/colcon-core/packages/tracer_msgs)
[2.871s] DEBUG:colcon.colcon_core.event_handler.log_command:Invoked command in '/home/jacky/movecar_ws/build/ugv_sdk' returned '0': /usr/bin/cmake --build /home/jacky/movecar_ws/build/ugv_sdk -- -j32 -l32
[2.872s] DEBUG:colcon.colcon_core.event_handler.log_command:Invoking command in '/home/jacky/movecar_ws/build/ugv_sdk': /usr/bin/cmake --install /home/jacky/movecar_ws/build/ugv_sdk
[2.877s] DEBUG:colcon.colcon_core.event_handler.log_command:Invoked command in '/home/jacky/movecar_ws/build/ugv_sdk' returned '0': /usr/bin/cmake --install /home/jacky/movecar_ws/build/ugv_sdk
[2.877s] Level 1:colcon.colcon_core.shell:create_environment_hook('ugv_sdk', 'ros_package_path')
[2.877s] INFO:colcon.colcon_core.shell:Creating environment hook '/home/jacky/movecar_ws/install/ugv_sdk/share/ugv_sdk/hook/ros_package_path.ps1'
[2.878s] INFO:colcon.colcon_core.shell:Creating environment descriptor '/home/jacky/movecar_ws/install/ugv_sdk/share/ugv_sdk/hook/ros_package_path.dsv'
[2.878s] INFO:colcon.colcon_core.shell:Creating environment hook '/home/jacky/movecar_ws/install/ugv_sdk/share/ugv_sdk/hook/ros_package_path.sh'
[2.878s] Level 1:colcon.colcon_core.shell:create_environment_hook('ugv_sdk', 'pkg_config_path')
[2.878s] INFO:colcon.colcon_core.shell:Creating environment hook '/home/jacky/movecar_ws/install/ugv_sdk/share/ugv_sdk/hook/pkg_config_path.ps1'
[2.878s] INFO:colcon.colcon_core.shell:Creating environment descriptor '/home/jacky/movecar_ws/install/ugv_sdk/share/ugv_sdk/hook/pkg_config_path.dsv'
[2.878s] INFO:colcon.colcon_core.shell:Creating environment hook '/home/jacky/movecar_ws/install/ugv_sdk/share/ugv_sdk/hook/pkg_config_path.sh'
[2.879s] Level 1:colcon.colcon_core.shell:create_environment_hook('ugv_sdk', 'pkg_config_path_multiarch')
[2.880s] INFO:colcon.colcon_core.shell:Creating environment hook '/home/jacky/movecar_ws/install/ugv_sdk/share/ugv_sdk/hook/pkg_config_path_multiarch.ps1'
[2.880s] INFO:colcon.colcon_core.shell:Creating environment descriptor '/home/jacky/movecar_ws/install/ugv_sdk/share/ugv_sdk/hook/pkg_config_path_multiarch.dsv'
[2.880s] INFO:colcon.colcon_core.shell:Creating environment hook '/home/jacky/movecar_ws/install/ugv_sdk/share/ugv_sdk/hook/pkg_config_path_multiarch.sh'
[2.881s] Level 1:colcon.colcon_core.environment:create_environment_scripts_only(ugv_sdk)
[2.881s] Level 1:colcon.colcon_core.environment:checking '/home/jacky/movecar_ws/install/ugv_sdk' for CMake module files
[2.881s] Level 1:colcon.colcon_core.environment:checking '/home/jacky/movecar_ws/install/ugv_sdk' for CMake config files
[2.881s] Level 1:colcon.colcon_core.shell:create_environment_hook('ugv_sdk', 'cmake_prefix_path')
[2.881s] INFO:colcon.colcon_core.shell:Creating environment hook '/home/jacky/movecar_ws/install/ugv_sdk/share/ugv_sdk/hook/cmake_prefix_path.ps1'
[2.882s] INFO:colcon.colcon_core.shell:Creating environment descriptor '/home/jacky/movecar_ws/install/ugv_sdk/share/ugv_sdk/hook/cmake_prefix_path.dsv'
[2.882s] INFO:colcon.colcon_core.shell:Creating environment hook '/home/jacky/movecar_ws/install/ugv_sdk/share/ugv_sdk/hook/cmake_prefix_path.sh'
[2.882s] Level 1:colcon.colcon_core.environment:checking '/home/jacky/movecar_ws/install/ugv_sdk/lib'
[2.882s] Level 1:colcon.colcon_core.environment:checking '/home/jacky/movecar_ws/install/ugv_sdk/bin'
[2.882s] Level 1:colcon.colcon_core.environment:checking '/home/jacky/movecar_ws/install/ugv_sdk/lib/pkgconfig/ugv_sdk.pc'
[2.882s] Level 1:colcon.colcon_core.environment:checking '/home/jacky/movecar_ws/install/ugv_sdk/lib/python3.10/site-packages'
[2.882s] Level 1:colcon.colcon_core.environment:checking '/home/jacky/movecar_ws/install/ugv_sdk/bin'
[2.882s] INFO:colcon.colcon_core.shell:Creating package script '/home/jacky/movecar_ws/install/ugv_sdk/share/ugv_sdk/package.ps1'
[2.883s] INFO:colcon.colcon_core.shell:Creating package descriptor '/home/jacky/movecar_ws/install/ugv_sdk/share/ugv_sdk/package.dsv'
[2.883s] INFO:colcon.colcon_core.shell:Creating package script '/home/jacky/movecar_ws/install/ugv_sdk/share/ugv_sdk/package.sh'
[2.883s] INFO:colcon.colcon_core.shell:Creating package script '/home/jacky/movecar_ws/install/ugv_sdk/share/ugv_sdk/package.bash'
[2.883s] INFO:colcon.colcon_core.shell:Creating package script '/home/jacky/movecar_ws/install/ugv_sdk/share/ugv_sdk/package.zsh'
[2.883s] Level 1:colcon.colcon_core.environment:create_file_with_runtime_dependencies(/home/jacky/movecar_ws/install/ugv_sdk/share/colcon-core/packages/ugv_sdk)
[2.883s] INFO:colcon.colcon_ros.task.ament_cmake.build:Building ROS package in '/home/jacky/movecar_ws/src/tracer_ros2-humble/tracer_base' with build type 'ament_cmake'
[2.883s] INFO:colcon.colcon_cmake.task.cmake.build:Building CMake package in '/home/jacky/movecar_ws/src/tracer_ros2-humble/tracer_base'
[2.883s] INFO:colcon.colcon_core.shell:Skip shell extension 'powershell' for command environment: Not usable outside of PowerShell
[2.883s] DEBUG:colcon.colcon_core.shell:Skip shell extension 'dsv' for command environment
[2.889s] DEBUG:colcon.colcon_core.event_handler.log_command:Invoking command in '/home/jacky/movecar_ws/build/tracer_base': AMENT_PREFIX_PATH=/home/jacky/movecar_ws/install/tracer_msgs:${AMENT_PREFIX_PATH} CMAKE_PREFIX_PATH=/opt/ros/humble:/home/jacky/movecar_ws/install/ugv_sdk:/home/jacky/movecar_ws/install/tracer_msgs LD_LIBRARY_PATH=/home/jacky/movecar_ws/install/tracer_msgs/lib:${LD_LIBRARY_PATH} PKG_CONFIG_PATH=/home/jacky/movecar_ws/install/ugv_sdk/lib/x86_64-linux-gnu/pkgconfig:/home/jacky/movecar_ws/install/ugv_sdk/lib/pkgconfig PYTHONPATH=/home/jacky/movecar_ws/install/tracer_msgs/local/lib/python3.10/dist-packages:${PYTHONPATH} ROS_PACKAGE_PATH=/home/jacky/movecar_ws/install/ugv_sdk/share /usr/bin/cmake /home/jacky/movecar_ws/src/tracer_ros2-humble/tracer_base -DCMAKE_INSTALL_PREFIX=/home/jacky/movecar_ws/install/tracer_base
[3.519s] DEBUG:colcon.colcon_core.event_handler.log_command:Invoked command in '/home/jacky/movecar_ws/build/tracer_base' returned '0': AMENT_PREFIX_PATH=/home/jacky/movecar_ws/install/tracer_msgs:${AMENT_PREFIX_PATH} CMAKE_PREFIX_PATH=/opt/ros/humble:/home/jacky/movecar_ws/install/ugv_sdk:/home/jacky/movecar_ws/install/tracer_msgs LD_LIBRARY_PATH=/home/jacky/movecar_ws/install/tracer_msgs/lib:${LD_LIBRARY_PATH} PKG_CONFIG_PATH=/home/jacky/movecar_ws/install/ugv_sdk/lib/x86_64-linux-gnu/pkgconfig:/home/jacky/movecar_ws/install/ugv_sdk/lib/pkgconfig PYTHONPATH=/home/jacky/movecar_ws/install/tracer_msgs/local/lib/python3.10/dist-packages:${PYTHONPATH} ROS_PACKAGE_PATH=/home/jacky/movecar_ws/install/ugv_sdk/share /usr/bin/cmake /home/jacky/movecar_ws/src/tracer_ros2-humble/tracer_base -DCMAKE_INSTALL_PREFIX=/home/jacky/movecar_ws/install/tracer_base
[3.520s] DEBUG:colcon.colcon_core.event_handler.log_command:Invoking command in '/home/jacky/movecar_ws/build/tracer_base': AMENT_PREFIX_PATH=/home/jacky/movecar_ws/install/tracer_msgs:${AMENT_PREFIX_PATH} CMAKE_PREFIX_PATH=/opt/ros/humble:/home/jacky/movecar_ws/install/ugv_sdk:/home/jacky/movecar_ws/install/tracer_msgs LD_LIBRARY_PATH=/home/jacky/movecar_ws/install/tracer_msgs/lib:${LD_LIBRARY_PATH} PKG_CONFIG_PATH=/home/jacky/movecar_ws/install/ugv_sdk/lib/x86_64-linux-gnu/pkgconfig:/home/jacky/movecar_ws/install/ugv_sdk/lib/pkgconfig PYTHONPATH=/home/jacky/movecar_ws/install/tracer_msgs/local/lib/python3.10/dist-packages:${PYTHONPATH} ROS_PACKAGE_PATH=/home/jacky/movecar_ws/install/ugv_sdk/share /usr/bin/cmake --build /home/jacky/movecar_ws/build/tracer_base -- -j32 -l32
[9.689s] DEBUG:colcon.colcon_core.event_handler.log_command:Invoked command in '/home/jacky/movecar_ws/build/tracer_base' returned '0': AMENT_PREFIX_PATH=/home/jacky/movecar_ws/install/tracer_msgs:${AMENT_PREFIX_PATH} CMAKE_PREFIX_PATH=/opt/ros/humble:/home/jacky/movecar_ws/install/ugv_sdk:/home/jacky/movecar_ws/install/tracer_msgs LD_LIBRARY_PATH=/home/jacky/movecar_ws/install/tracer_msgs/lib:${LD_LIBRARY_PATH} PKG_CONFIG_PATH=/home/jacky/movecar_ws/install/ugv_sdk/lib/x86_64-linux-gnu/pkgconfig:/home/jacky/movecar_ws/install/ugv_sdk/lib/pkgconfig PYTHONPATH=/home/jacky/movecar_ws/install/tracer_msgs/local/lib/python3.10/dist-packages:${PYTHONPATH} ROS_PACKAGE_PATH=/home/jacky/movecar_ws/install/ugv_sdk/share /usr/bin/cmake --build /home/jacky/movecar_ws/build/tracer_base -- -j32 -l32
[9.689s] DEBUG:colcon.colcon_core.event_handler.log_command:Invoking command in '/home/jacky/movecar_ws/build/tracer_base': AMENT_PREFIX_PATH=/home/jacky/movecar_ws/install/tracer_msgs:${AMENT_PREFIX_PATH} CMAKE_PREFIX_PATH=/opt/ros/humble:/home/jacky/movecar_ws/install/ugv_sdk:/home/jacky/movecar_ws/install/tracer_msgs LD_LIBRARY_PATH=/home/jacky/movecar_ws/install/tracer_msgs/lib:${LD_LIBRARY_PATH} PKG_CONFIG_PATH=/home/jacky/movecar_ws/install/ugv_sdk/lib/x86_64-linux-gnu/pkgconfig:/home/jacky/movecar_ws/install/ugv_sdk/lib/pkgconfig PYTHONPATH=/home/jacky/movecar_ws/install/tracer_msgs/local/lib/python3.10/dist-packages:${PYTHONPATH} ROS_PACKAGE_PATH=/home/jacky/movecar_ws/install/ugv_sdk/share /usr/bin/cmake --install /home/jacky/movecar_ws/build/tracer_base
[9.696s] Level 1:colcon.colcon_core.environment:create_environment_scripts_only(tracer_base)
[9.697s] Level 1:colcon.colcon_core.environment:checking '/home/jacky/movecar_ws/install/tracer_base' for CMake module files
[9.697s] DEBUG:colcon.colcon_core.event_handler.log_command:Invoked command in '/home/jacky/movecar_ws/build/tracer_base' returned '0': AMENT_PREFIX_PATH=/home/jacky/movecar_ws/install/tracer_msgs:${AMENT_PREFIX_PATH} CMAKE_PREFIX_PATH=/opt/ros/humble:/home/jacky/movecar_ws/install/ugv_sdk:/home/jacky/movecar_ws/install/tracer_msgs LD_LIBRARY_PATH=/home/jacky/movecar_ws/install/tracer_msgs/lib:${LD_LIBRARY_PATH} PKG_CONFIG_PATH=/home/jacky/movecar_ws/install/ugv_sdk/lib/x86_64-linux-gnu/pkgconfig:/home/jacky/movecar_ws/install/ugv_sdk/lib/pkgconfig PYTHONPATH=/home/jacky/movecar_ws/install/tracer_msgs/local/lib/python3.10/dist-packages:${PYTHONPATH} ROS_PACKAGE_PATH=/home/jacky/movecar_ws/install/ugv_sdk/share /usr/bin/cmake --install /home/jacky/movecar_ws/build/tracer_base
[9.697s] Level 1:colcon.colcon_core.environment:checking '/home/jacky/movecar_ws/install/tracer_base' for CMake config files
[9.697s] Level 1:colcon.colcon_core.shell:create_environment_hook('tracer_base', 'cmake_prefix_path')
[9.697s] INFO:colcon.colcon_core.shell:Creating environment hook '/home/jacky/movecar_ws/install/tracer_base/share/tracer_base/hook/cmake_prefix_path.ps1'
[9.697s] INFO:colcon.colcon_core.shell:Creating environment descriptor '/home/jacky/movecar_ws/install/tracer_base/share/tracer_base/hook/cmake_prefix_path.dsv'
[9.697s] INFO:colcon.colcon_core.shell:Creating environment hook '/home/jacky/movecar_ws/install/tracer_base/share/tracer_base/hook/cmake_prefix_path.sh'
[9.698s] Level 1:colcon.colcon_core.environment:checking '/home/jacky/movecar_ws/install/tracer_base/lib'
[9.698s] Level 1:colcon.colcon_core.environment:checking '/home/jacky/movecar_ws/install/tracer_base/bin'
[9.698s] Level 1:colcon.colcon_core.environment:checking '/home/jacky/movecar_ws/install/tracer_base/lib/pkgconfig/tracer_base.pc'
[9.698s] Level 1:colcon.colcon_core.environment:checking '/home/jacky/movecar_ws/install/tracer_base/lib/python3.10/site-packages'
[9.698s] Level 1:colcon.colcon_core.environment:checking '/home/jacky/movecar_ws/install/tracer_base/bin'
[9.698s] INFO:colcon.colcon_core.shell:Creating package script '/home/jacky/movecar_ws/install/tracer_base/share/tracer_base/package.ps1'
[9.698s] INFO:colcon.colcon_core.shell:Creating package descriptor '/home/jacky/movecar_ws/install/tracer_base/share/tracer_base/package.dsv'
[9.698s] INFO:colcon.colcon_core.shell:Creating package script '/home/jacky/movecar_ws/install/tracer_base/share/tracer_base/package.sh'
[9.698s] INFO:colcon.colcon_core.shell:Creating package script '/home/jacky/movecar_ws/install/tracer_base/share/tracer_base/package.bash'
[9.698s] INFO:colcon.colcon_core.shell:Creating package script '/home/jacky/movecar_ws/install/tracer_base/share/tracer_base/package.zsh'
[9.699s] Level 1:colcon.colcon_core.environment:create_file_with_runtime_dependencies(/home/jacky/movecar_ws/install/tracer_base/share/colcon-core/packages/tracer_base)
[9.699s] Level 1:colcon.colcon_core.environment:create_environment_scripts_only(tracer_base)
[9.699s] Level 1:colcon.colcon_core.environment:checking '/home/jacky/movecar_ws/install/tracer_base' for CMake module files
[9.699s] Level 1:colcon.colcon_core.environment:checking '/home/jacky/movecar_ws/install/tracer_base' for CMake config files
[9.699s] Level 1:colcon.colcon_core.shell:create_environment_hook('tracer_base', 'cmake_prefix_path')
[9.699s] INFO:colcon.colcon_core.shell:Creating environment hook '/home/jacky/movecar_ws/install/tracer_base/share/tracer_base/hook/cmake_prefix_path.ps1'
[9.699s] INFO:colcon.colcon_core.shell:Creating environment descriptor '/home/jacky/movecar_ws/install/tracer_base/share/tracer_base/hook/cmake_prefix_path.dsv'
[9.699s] INFO:colcon.colcon_core.shell:Creating environment hook '/home/jacky/movecar_ws/install/tracer_base/share/tracer_base/hook/cmake_prefix_path.sh'
[9.699s] Level 1:colcon.colcon_core.environment:checking '/home/jacky/movecar_ws/install/tracer_base/lib'
[9.700s] Level 1:colcon.colcon_core.environment:checking '/home/jacky/movecar_ws/install/tracer_base/bin'
[9.700s] Level 1:colcon.colcon_core.environment:checking '/home/jacky/movecar_ws/install/tracer_base/lib/pkgconfig/tracer_base.pc'
[9.700s] Level 1:colcon.colcon_core.environment:checking '/home/jacky/movecar_ws/install/tracer_base/lib/python3.10/site-packages'
[9.700s] Level 1:colcon.colcon_core.environment:checking '/home/jacky/movecar_ws/install/tracer_base/bin'
[9.700s] INFO:colcon.colcon_core.shell:Creating package script '/home/jacky/movecar_ws/install/tracer_base/share/tracer_base/package.ps1'
[9.700s] INFO:colcon.colcon_core.shell:Creating package descriptor '/home/jacky/movecar_ws/install/tracer_base/share/tracer_base/package.dsv'
[9.700s] INFO:colcon.colcon_core.shell:Creating package script '/home/jacky/movecar_ws/install/tracer_base/share/tracer_base/package.sh'
[9.700s] INFO:colcon.colcon_core.shell:Creating package script '/home/jacky/movecar_ws/install/tracer_base/share/tracer_base/package.bash'
[9.700s] INFO:colcon.colcon_core.shell:Creating package script '/home/jacky/movecar_ws/install/tracer_base/share/tracer_base/package.zsh'
[9.701s] Level 1:colcon.colcon_core.environment:create_file_with_runtime_dependencies(/home/jacky/movecar_ws/install/tracer_base/share/colcon-core/packages/tracer_base)
[9.701s] DEBUG:colcon.colcon_parallel_executor.executor.parallel:closing loop
[9.701s] DEBUG:colcon.colcon_parallel_executor.executor.parallel:loop closed
[9.701s] DEBUG:colcon.colcon_parallel_executor.executor.parallel:run_until_complete finished with '0'
[9.701s] DEBUG:colcon.colcon_core.event_reactor:joining thread
[9.703s] INFO:colcon.colcon_core.plugin_system:Skipping extension 'colcon_notification.desktop_notification.terminal_notifier': Not used on non-Darwin systems
[9.703s] INFO:colcon.colcon_core.plugin_system:Skipping extension 'colcon_notification.desktop_notification.win32': Not used on non-Windows systems
[9.703s] INFO:colcon.colcon_notification.desktop_notification:Sending desktop notification using 'notify2'
[9.709s] DEBUG:colcon.colcon_core.event_reactor:joined thread
[9.709s] INFO:colcon.colcon_core.shell:Creating prefix script '/home/jacky/movecar_ws/install/local_setup.ps1'
[9.709s] INFO:colcon.colcon_core.shell:Creating prefix util module '/home/jacky/movecar_ws/install/_local_setup_util_ps1.py'
[9.709s] INFO:colcon.colcon_core.shell:Creating prefix chain script '/home/jacky/movecar_ws/install/setup.ps1'
[9.710s] INFO:colcon.colcon_core.shell:Creating prefix script '/home/jacky/movecar_ws/install/local_setup.sh'
[9.710s] INFO:colcon.colcon_core.shell:Creating prefix util module '/home/jacky/movecar_ws/install/_local_setup_util_sh.py'
[9.710s] INFO:colcon.colcon_core.shell:Creating prefix chain script '/home/jacky/movecar_ws/install/setup.sh'
[9.711s] INFO:colcon.colcon_core.shell:Creating prefix script '/home/jacky/movecar_ws/install/local_setup.bash'
[9.711s] INFO:colcon.colcon_core.shell:Creating prefix chain script '/home/jacky/movecar_ws/install/setup.bash'
[9.711s] INFO:colcon.colcon_core.shell:Creating prefix script '/home/jacky/movecar_ws/install/local_setup.zsh'
[9.711s] INFO:colcon.colcon_core.shell:Creating prefix chain script '/home/jacky/movecar_ws/install/setup.zsh'
